Archive member included to satisfy reference by file (symbol)

/Users/kinshukruparelia/.pico-sdk/toolchain/14_2_Rel1/bin/../lib/gcc/arm-none-eabi/14.2.1/thumb/v6-m/nofp/libgcc.a(_dvmd_tls.o)
                              CMakeFiles/FinePad.dir/Users/kinshukruparelia/.pico-sdk/sdk/2.2.0/src/rp2_common/pico_divider/divider_hardware.S.o (__aeabi_idiv0)
/Users/kinshukruparelia/.pico-sdk/toolchain/14_2_Rel1/bin/../lib/gcc/arm-none-eabi/14.2.1/../../../../arm-none-eabi/lib/thumb/v6-m/nofp/libg.a(libc_a-calloc.o)
                              CMakeFiles/FinePad.dir/Users/kinshukruparelia/.pico-sdk/sdk/2.2.0/src/rp2_common/pico_malloc/malloc.c.o (calloc)
/Users/kinshukruparelia/.pico-sdk/toolchain/14_2_Rel1/bin/../lib/gcc/arm-none-eabi/14.2.1/../../../../arm-none-eabi/lib/thumb/v6-m/nofp/libg.a(libc_a-callocr.o)
                              /Users/kinshukruparelia/.pico-sdk/toolchain/14_2_Rel1/bin/../lib/gcc/arm-none-eabi/14.2.1/../../../../arm-none-eabi/lib/thumb/v6-m/nofp/libg.a(libc_a-calloc.o) (_calloc_r)
/Users/kinshukruparelia/.pico-sdk/toolchain/14_2_Rel1/bin/../lib/gcc/arm-none-eabi/14.2.1/../../../../arm-none-eabi/lib/thumb/v6-m/nofp/libg.a(libc_a-malloc.o)
                              CMakeFiles/FinePad.dir/Users/kinshukruparelia/.pico-sdk/sdk/2.2.0/src/rp2_common/pico_malloc/malloc.c.o (malloc)
/Users/kinshukruparelia/.pico-sdk/toolchain/14_2_Rel1/bin/../lib/gcc/arm-none-eabi/14.2.1/../../../../arm-none-eabi/lib/thumb/v6-m/nofp/libg.a(libc_a-mallocr.o)
                              /Users/kinshukruparelia/.pico-sdk/toolchain/14_2_Rel1/bin/../lib/gcc/arm-none-eabi/14.2.1/../../../../arm-none-eabi/lib/thumb/v6-m/nofp/libg.a(libc_a-callocr.o) (_malloc_r)
/Users/kinshukruparelia/.pico-sdk/toolchain/14_2_Rel1/bin/../lib/gcc/arm-none-eabi/14.2.1/../../../../arm-none-eabi/lib/thumb/v6-m/nofp/libg.a(libc_a-mlock.o)
                              /Users/kinshukruparelia/.pico-sdk/toolchain/14_2_Rel1/bin/../lib/gcc/arm-none-eabi/14.2.1/../../../../arm-none-eabi/lib/thumb/v6-m/nofp/libg.a(libc_a-mallocr.o) (__malloc_lock)
/Users/kinshukruparelia/.pico-sdk/toolchain/14_2_Rel1/bin/../lib/gcc/arm-none-eabi/14.2.1/../../../../arm-none-eabi/lib/thumb/v6-m/nofp/libg.a(libc_a-realloc.o)
                              CMakeFiles/FinePad.dir/Users/kinshukruparelia/.pico-sdk/sdk/2.2.0/src/rp2_common/pico_malloc/malloc.c.o (realloc)
/Users/kinshukruparelia/.pico-sdk/toolchain/14_2_Rel1/bin/../lib/gcc/arm-none-eabi/14.2.1/../../../../arm-none-eabi/lib/thumb/v6-m/nofp/libg.a(libc_a-reallocr.o)
                              /Users/kinshukruparelia/.pico-sdk/toolchain/14_2_Rel1/bin/../lib/gcc/arm-none-eabi/14.2.1/../../../../arm-none-eabi/lib/thumb/v6-m/nofp/libg.a(libc_a-realloc.o) (_realloc_r)
/Users/kinshukruparelia/.pico-sdk/toolchain/14_2_Rel1/bin/../lib/gcc/arm-none-eabi/14.2.1/../../../../arm-none-eabi/lib/thumb/v6-m/nofp/libg.a(libc_a-memcmp.o)
                              CMakeFiles/FinePad.dir/Users/kinshukruparelia/.pico-sdk/sdk/2.2.0/src/rp2_common/pico_atomic/atomic.c.o (memcmp)
/Users/kinshukruparelia/.pico-sdk/toolchain/14_2_Rel1/bin/../lib/gcc/arm-none-eabi/14.2.1/../../../../arm-none-eabi/lib/thumb/v6-m/nofp/libg.a(libc_a-memmove.o)
                              /Users/kinshukruparelia/.pico-sdk/toolchain/14_2_Rel1/bin/../lib/gcc/arm-none-eabi/14.2.1/../../../../arm-none-eabi/lib/thumb/v6-m/nofp/libg.a(libc_a-reallocr.o) (memmove)
/Users/kinshukruparelia/.pico-sdk/toolchain/14_2_Rel1/bin/../lib/gcc/arm-none-eabi/14.2.1/../../../../arm-none-eabi/lib/thumb/v6-m/nofp/libg.a(libc_a-lcltime_r.o)
                              CMakeFiles/FinePad.dir/Users/kinshukruparelia/.pico-sdk/sdk/2.2.0/src/common/pico_util/datetime.c.o (localtime_r)
/Users/kinshukruparelia/.pico-sdk/toolchain/14_2_Rel1/bin/../lib/gcc/arm-none-eabi/14.2.1/../../../../arm-none-eabi/lib/thumb/v6-m/nofp/libg.a(libc_a-mktime.o)
                              CMakeFiles/FinePad.dir/Users/kinshukruparelia/.pico-sdk/sdk/2.2.0/src/common/pico_util/datetime.c.o (mktime)
/Users/kinshukruparelia/.pico-sdk/toolchain/14_2_Rel1/bin/../lib/gcc/arm-none-eabi/14.2.1/../../../../arm-none-eabi/lib/thumb/v6-m/nofp/libg.a(libc_a-month_lengths.o)
                              /Users/kinshukruparelia/.pico-sdk/toolchain/14_2_Rel1/bin/../lib/gcc/arm-none-eabi/14.2.1/../../../../arm-none-eabi/lib/thumb/v6-m/nofp/libg.a(libc_a-lcltime_r.o) (__month_lengths)
/Users/kinshukruparelia/.pico-sdk/toolchain/14_2_Rel1/bin/../lib/gcc/arm-none-eabi/14.2.1/../../../../arm-none-eabi/lib/thumb/v6-m/nofp/libg.a(libc_a-tzcalc_limits.o)
                              /Users/kinshukruparelia/.pico-sdk/toolchain/14_2_Rel1/bin/../lib/gcc/arm-none-eabi/14.2.1/../../../../arm-none-eabi/lib/thumb/v6-m/nofp/libg.a(libc_a-lcltime_r.o) (__tzcalc_limits)
/Users/kinshukruparelia/.pico-sdk/toolchain/14_2_Rel1/bin/../lib/gcc/arm-none-eabi/14.2.1/../../../../arm-none-eabi/lib/thumb/v6-m/nofp/libg.a(libc_a-tzlock.o)
[...]
Memory Configuration

Name             Origin             Length             Attributes
FLASH            0x10000000         0x00200000         xr
RAM              0x20000000         0x00040000         xrw
SCRATCH_X        0x20040000         0x00001000         xrw
SCRATCH_Y        0x20041000         0x00001000         xrw
*default*        0x00000000         0xffffffff

Linker script and memory map

LOAD /Users/kinshukruparelia/.pico-sdk/toolchain/14_2_Rel1/bin/../lib/gcc/arm-none-eabi/14.2.1/thumb/v6-m/nofp/crti.o
LOAD /Users/kinshukruparelia/.pico-sdk/toolchain/14_2_Rel1/bin/../lib/gcc/arm-none-eabi/14.2.1/thumb/v6-m/nofp/crtbegin.o
LOAD /Users/kinshukruparelia/.pico-sdk/toolchain/14_2_Rel1/bin/../lib/gcc/arm-none-eabi/14.2.1/../../../../arm-none-eabi/lib/thumb/v6-m/nofp/crt0.o

.flash_begin    0x10000000        0x0
                0x10000000                        __flash_binary_start = .

.boot2          0x10000000      0x100
                0x10000000                        __boot2_start__ = .
 *(.boot2)
 .boot2         0x10000000      0x100 pico-sdk/src/rp2040/boot_stage2/CMakeFiles/bs2_default_library.dir/./bs2_default_padded_checksummed.S.o
                0x10000100                        __boot2_end__ = .
                0x00000001                        ASSERT (((__boot2_end__ - __boot2_start__) == 0x100), ERROR: Pico second stage bootloader must be 256 bytes in size)

.text           0x10000100     0x5b94
                0x10000100                        __logical_binary_start = .
 *(.vectors)
 .vectors       0x10000100       0xd4 CMakeFiles/FinePad.dir/Users/kinshukruparelia/.pico-sdk/sdk/2.2.0/src/rp2_common/pico_crt0/crt0.S.o
                0x10000100                __VECTOR_TABLE
                0x10000100                __vectors
                0x100001c0                isr_irq13
                0x100001c0                isr_irq27
                0x100001c0                isr_irq31
                0x100001c0                isr_irq5
                0x100001c0                isr_irq11
                0x100001c0                isr_irq23
                0x100001c0                isr_irq18
                0x100001c0                isr_irq9
                0x100001c0                __unhandled_user_irq
                0x100001c0                isr_irq25
                0x100001c0                isr_irq4
                0x100001c0                isr_irq16
                0x100001c0                isr_irq29
                0x100001c0                isr_irq26
                0x100001c0                isr_irq3
                0x100001c0                isr_irq12
                0x100001c0                isr_irq30
                0x100001c0                isr_irq28
                0x100001c0                isr_irq19
                0x100001c0                isr_irq0
                0x100001c0                isr_irq6
                0x100001c0                isr_irq22
                0x100001c0                isr_irq17
                0x100001c0                isr_irq14
                0x100001c0                __vectors_end
                0x100001c0                __default_isrs_start
                0x100001c0                isr_irq2
                0x100001c0                isr_irq10
                0x100001c0                isr_irq8
                0x100001c0                isr_irq24
                0x100001c0                isr_irq1
                0x100001c0                isr_irq7
                0x100001c0                isr_irq21
                0x100001c0                isr_irq20
                0x100001c0                isr_irq15
                0x100001c6                unhandled_user_irq_num_in_r0
                0x100001c8                isr_invalid
                0x100001ca                isr_nmi
                0x100001cc                isr_hardfault
                0x100001ce                isr_svcall
                0x100001d0                isr_pendsv
                0x100001d2                isr_systick
                0x100001d4                __default_isrs_end
 *(.binary_info_header)
 .binary_info_header
                0x100001d4       0x14 CMakeFiles/FinePad.dir/Users/kinshukruparelia/.pico-sdk/sdk/2.2.0/src/rp2_common/pico_crt0/crt0.S.o
                0x100001e8                        __binary_info_header_end = .
 *(.embedded_block)
                0x100001e8                        __embedded_block_end = .
 *(.reset)
 .reset         0x100001e8       0x9c CMakeFiles/FinePad.dir/Users/kinshukruparelia/.pico-sdk/sdk/2.2.0/src/rp2_common/pico_crt0/crt0.S.o
                0x100001e8                _entry_point
 *(.init)
 .init          0x10000284        0x4 /Users/kinshukruparelia/.pico-sdk/toolchain/14_2_Rel1/bin/../lib/gcc/arm-none-eabi/14.2.1/thumb/v6-m/nofp/crti.o
                0x10000284                _init
 *(EXCLUDE_FILE(*libm.a: *libc.a:*lib_a-mem*.o *libgcc.a:) .text*)
 .text.register_tm_clones
                0x10000288       0x28 /Users/kinshukruparelia/.pico-sdk/toolchain/14_2_Rel1/bin/../lib/gcc/arm-none-eabi/14.2.1/thumb/v6-m/nofp/crtbegin.o
 .text.frame_dummy
                0x100002b0       0x24 /Users/kinshukruparelia/.pico-sdk/toolchain/14_2_Rel1/bin/../lib/gcc/arm-none-eabi/14.2.1/thumb/v6-m/nofp/crtbegin.o
 .text.main     0x100002d4      0x15c CMakeFiles/FinePad.dir/firmware/main.c.o
                0x100002d4                main
 .text.matrix_init
                0x10000430       0x58 CMakeFiles/FinePad.dir/firmware/matrix/matrix.c.o
                0x10000430                matrix_init
 .text.matrix_scan
                0x10000488       0x6c CMakeFiles/FinePad.dir/firmware/matrix/matrix.c.o
                0x10000488                matrix_scan
 .text.get_matrix_state
                0x100004f4       0x10 CMakeFiles/FinePad.dir/firmware/matrix/matrix.c.o
                0x100004f4                get_matrix_state
 .text.event_init
                0x10000504       0x2c CMakeFiles/FinePad.dir/firmware/event/event.c.o
                0x10000504                event_init
 .text.event_get
                0x10000530       0x54 CMakeFiles/FinePad.dir/firmware/event/event.c.o
                0x10000530                event_get
 .text.hid_init
                0x10000584        0xc CMakeFiles/FinePad.dir/firmware/hid/hid.c.o
                0x10000584                hid_init
 .text.hid_send_key
                0x10000590       0x3c CMakeFiles/FinePad.dir/firmware/hid/hid.c.o
                0x10000590                hid_send_key
 .text.hid_mouse_move
                0x100005cc       0x2c CMakeFiles/FinePad.dir/firmware/hid/hid.c.o
                0x100005cc                hid_mouse_move
 .text.hid_mouse_buttons
                0x100005f8       0x28 CMakeFiles/FinePad.dir/firmware/hid/hid.c.o
                0x100005f8                hid_mouse_buttons
 .text.hid_mouse_toggle_left
                0x10000620       0x38 CMakeFiles/FinePad.dir/firmware/hid/hid.c.o
                0x10000620                hid_mouse_toggle_left
 .text.keymap_get_action
                0x10000658       0x20 CMakeFiles/FinePad.dir/firmware/keymap/keymap.c.o
                0x10000658                keymap_get_action
 .text.tud_descriptor_device_cb
                0x10000678        0x8 CMakeFiles/FinePad.dir/firmware/hid/usb_descriptors.c.o
                0x10000678                tud_descriptor_device_cb
 .text.tud_hid_descriptor_report_cb
                0x10000680        0x8 CMakeFiles/FinePad.dir/firmware/hid/usb_descriptors.c.o
                0x10000680                tud_hid_descriptor_report_cb
 .text.tud_descriptor_configuration_cb
                0x10000688        0x8 CMakeFiles/FinePad.dir/firmware/hid/usb_descriptors.c.o
                0x10000688                tud_descriptor_configuration_cb
 .text.tud_descriptor_string_cb
                0x10000690       0x50 CMakeFiles/FinePad.dir/firmware/hid/usb_descriptors.c.o
                0x10000690                tud_descriptor_string_cb
 .text.tud_hid_get_report_cb
                0x100006e0        0x4 CMakeFiles/FinePad.dir/firmware/hid/usb_descriptors.c.o
                0x100006e0                tud_hid_get_report_cb
 .text.tud_hid_set_report_cb
                0x100006e4        0x2 CMakeFiles/FinePad.dir/firmware/hid/usb_descriptors.c.o
                0x100006e4                tud_hid_set_report_cb
 *fill*         0x100006e6        0x2 
 .text.macro_start
                0x100006e8       0x30 CMakeFiles/FinePad.dir/firmware/macro/macro.c.o
                0x100006e8                macro_start
 .text.macro_is_running
                0x10000718        0xc CMakeFiles/FinePad.dir/firmware/macro/macro.c.o
                0x10000718                macro_is_running
 .text.macro_task
                0x10000724      0x11c CMakeFiles/FinePad.dir/firmware/macro/macro.c.o
                0x10000724                macro_task
 .text.gpio_set_function
                0x10000840       0x34 CMakeFiles/FinePad.dir/Users/kinshukruparelia/.pico-sdk/sdk/2.2.0/src/rp2_common/hardware_gpio/gpio.c.o
                0x10000840                gpio_set_function
 .text.gpio_set_pulls
                0x10000874       0x38 CMakeFiles/FinePad.dir/Users/kinshukruparelia/.pico-sdk/sdk/2.2.0/src/rp2_common/hardware_gpio/gpio.c.o
                0x10000874                gpio_set_pulls
 .text.gpio_init
                0x100008ac       0x16 CMakeFiles/FinePad.dir/Users/kinshukruparelia/.pico-sdk/sdk/2.2.0/src/rp2_common/hardware_gpio/gpio.c.o
                0x100008ac                gpio_init
 *fill*         0x100008c2        0x2 
 .text.rp2040_chip_version
                0x100008c4       0x54 CMakeFiles/FinePad.dir/Users/kinshukruparelia/.pico-sdk/sdk/2.2.0/src/rp2040/pico_platform/platform.c.o
                0x100008c4                rp2040_chip_version
 .text.panic    0x10000918       0x30 CMakeFiles/FinePad.dir/Users/kinshukruparelia/.pico-sdk/sdk/2.2.0/src/rp2_common/pico_platform_panic/panic.c.o
                0x10000918                panic
 .text.hw_claim_lock
                0x10000948       0x18 CMakeFiles/FinePad.dir/Users/kinshukruparelia/.pico-sdk/sdk/2.2.0/src/common/hardware_claim/claim.c.o
                0x10000948                hw_claim_lock
 .text.hw_claim_unlock
                0x10000960       0x14 CMakeFiles/FinePad.dir/Users/kinshukruparelia/.pico-sdk/sdk/2.2.0/src/common/hardware_claim/claim.c.o
                0x10000960                hw_claim_unlock
 .text.hw_claim_or_assert
                0x10000974       0x32 CMakeFiles/FinePad.dir/Users/kinshukruparelia/.pico-sdk/sdk/2.2.0/src/common/hardware_claim/claim.c.o
                0x10000974                hw_claim_or_assert
 .text.hw_claim_unused_from_range
                0x100009a6       0x50 CMakeFiles/FinePad.dir/Users/kinshukruparelia/.pico-sdk/sdk/2.2.0/src/common/hardware_claim/claim.c.o
                0x100009a6                hw_claim_unused_from_range
 *fill*         0x100009f6        0x2 
 .text.next_striped_spin_lock_num
                0x100009f8       0x1c CMakeFiles/FinePad.dir/Users/kinshukruparelia/.pico-sdk/sdk/2.2.0/src/rp2_common/hardware_sync/sync.c.o
                0x100009f8                next_striped_spin_lock_num
 .text.spin_lock_claim_unused
                0x10000a14       0x24 CMakeFiles/FinePad.dir/Users/kinshukruparelia/.pico-sdk/sdk/2.2.0/src/rp2_common/hardware_sync/sync.c.o
                0x10000a14                spin_lock_claim_unused
 .text.spin_locks_reset
                0x10000a38       0x20 CMakeFiles/FinePad.dir/Users/kinshukruparelia/.pico-sdk/sdk/2.2.0/src/rp2_common/hardware_sync_spin_lock/sync_spin_lock.c.o
                0x10000a38                spin_locks_reset
 .text.set_raw_irq_handler_and_unlock
                0x10000a58       0x28 CMakeFiles/FinePad.dir/Users/kinshukruparelia/.pico-sdk/sdk/2.2.0/src/rp2_common/hardware_irq/irq.c.o
 .text.nvic_ipr0
                0x10000a80        0x8 CMakeFiles/FinePad.dir/Users/kinshukruparelia/.pico-sdk/sdk/2.2.0/src/rp2_common/hardware_irq/irq.c.o
 .text.runtime_init_per_core_irq_priorities
                0x10000a88       0x1c CMakeFiles/FinePad.dir/Users/kinshukruparelia/.pico-sdk/sdk/2.2.0/src/rp2_common/hardware_irq/irq.c.o
                0x10000a88                runtime_init_per_core_irq_priorities
 .text.resolve_j_16
                0x10000aa4       0x30 CMakeFiles/FinePad.dir/Users/kinshukruparelia/.pico-sdk/sdk/2.2.0/src/rp2_common/hardware_irq/irq.c.o
 .text.make_j_16
                0x10000ad4       0x48 CMakeFiles/FinePad.dir/Users/kinshukruparelia/.pico-sdk/sdk/2.2.0/src/rp2_common/hardware_irq/irq.c.o
 .text.irq_set_mask_n_enabled
                0x10000b1c       0x1c CMakeFiles/FinePad.dir/Users/kinshukruparelia/.pico-sdk/sdk/2.2.0/src/rp2_common/hardware_irq/irq.c.o
                0x10000b1c                irq_set_mask_n_enabled
 .text.irq_set_enabled
                0x10000b38       0x14 CMakeFiles/FinePad.dir/Users/kinshukruparelia/.pico-sdk/sdk/2.2.0/src/rp2_common/hardware_irq/irq.c.o
                0x10000b38                irq_set_enabled
 .text.irq_get_vtable_handler
                0x10000b4c       0x10 CMakeFiles/FinePad.dir/Users/kinshukruparelia/.pico-sdk/sdk/2.2.0/src/rp2_common/hardware_irq/irq.c.o
                0x10000b4c                irq_get_vtable_handler
 .text.irq_set_exclusive_handler
                0x10000b5c       0x54 CMakeFiles/FinePad.dir/Users/kinshukruparelia/.pico-sdk/sdk/2.2.0/src/rp2_common/hardware_irq/irq.c.o
                0x10000b5c                irq_set_exclusive_handler
 .text.irq_add_shared_handler
                0x10000bb0      0x218 CMakeFiles/FinePad.dir/Users/kinshukruparelia/.pico-sdk/sdk/2.2.0/src/rp2_common/hardware_irq/irq.c.o
                0x10000bb0                irq_add_shared_handler
 .text.irq_add_tail_to_free_list
                0x10000dc8       0xf4 CMakeFiles/FinePad.dir/Users/kinshukruparelia/.pico-sdk/sdk/2.2.0/src/rp2_common/hardware_irq/irq.c.o
                0x10000dc8                irq_add_tail_to_free_list
 .text.lock_init
                0x10000ebc       0x10 CMakeFiles/FinePad.dir/Users/kinshukruparelia/.pico-sdk/sdk/2.2.0/src/common/pico_sync/lock_core.c.o
                0x10000ebc                lock_init
 .text.mutex_init
                0x10000ecc       0x1a CMakeFiles/FinePad.dir/Users/kinshukruparelia/.pico-sdk/sdk/2.2.0/src/common/pico_sync/mutex.c.o
                0x10000ecc                mutex_init
 .text.recursive_mutex_init
                0x10000ee6       0x1e CMakeFiles/FinePad.dir/Users/kinshukruparelia/.pico-sdk/sdk/2.2.0/src/common/pico_sync/mutex.c.o
                0x10000ee6                recursive_mutex_init
 .text.runtime_init_mutex
                0x10000f04       0x4c CMakeFiles/FinePad.dir/Users/kinshukruparelia/.pico-sdk/sdk/2.2.0/src/common/pico_sync/mutex.c.o
                0x10000f04                runtime_init_mutex
 .text.critical_section_init_with_lock_num
                0x10000f50       0x14 CMakeFiles/FinePad.dir/Users/kinshukruparelia/.pico-sdk/sdk/2.2.0/src/common/pico_sync/critical_section.c.o
                0x10000f50                critical_section_init_with_lock_num
 .text.critical_section_init
                0x10000f64       0x14 CMakeFiles/FinePad.dir/Users/kinshukruparelia/.pico-sdk/sdk/2.2.0/src/common/pico_sync/critical_section.c.o
                0x10000f64                critical_section_init
 .text.ta_set_timeout
                0x10000f78       0x24 CMakeFiles/FinePad.dir/Users/kinshukruparelia/.pico-sdk/sdk/2.2.0/src/common/pico_time/time.c.o
 .text.make_alarm_id
                0x10000f9c        0x6 CMakeFiles/FinePad.dir/Users/kinshukruparelia/.pico-sdk/sdk/2.2.0/src/common/pico_time/time.c.o
 *fill*         0x10000fa2        0x2 
 .text.sleep_until_callback
                0x10000fa4       0x30 CMakeFiles/FinePad.dir/Users/kinshukruparelia/.pico-sdk/sdk/2.2.0/src/common/pico_time/time.c.o
 .text.alarm_pool_irq_handler
                0x10000fd4      0x2f0 CMakeFiles/FinePad.dir/Users/kinshukruparelia/.pico-sdk/sdk/2.2.0/src/common/pico_time/time.c.o
 .text.ta_enable_irq_handler
                0x100012c4       0x2c CMakeFiles/FinePad.dir/Users/kinshukruparelia/.pico-sdk/sdk/2.2.0/src/common/pico_time/time.c.o
 .text.alarm_pool_post_alloc_init
                0x100012f0       0x78 CMakeFiles/FinePad.dir/Users/kinshukruparelia/.pico-sdk/sdk/2.2.0/src/common/pico_time/time.c.o
 .text.alarm_pool_get_default
                0x10001368       0x2c CMakeFiles/FinePad.dir/Users/kinshukruparelia/.pico-sdk/sdk/2.2.0/src/common/pico_time/time.c.o
                0x10001368                alarm_pool_get_default
 .text.alarm_pool_add_alarm_at_force_in_context
                0x10001394       0xa4 CMakeFiles/FinePad.dir/Users/kinshukruparelia/.pico-sdk/sdk/2.2.0/src/common/pico_time/time.c.o
                0x10001394                alarm_pool_add_alarm_at_force_in_context
 .text.alarm_pool_add_alarm_at
                0x10001438       0x3c CMakeFiles/FinePad.dir/Users/kinshukruparelia/.pico-sdk/sdk/2.2.0/src/common/pico_time/time.c.o
                0x10001438                alarm_pool_add_alarm_at
 .text.add_alarm_at
                0x10001474       0x2e CMakeFiles/FinePad.dir/Users/kinshukruparelia/.pico-sdk/sdk/2.2.0/src/common/pico_time/time.c.o
 *fill*         0x100014a2        0x2 
 .text.alarm_pool_cancel_alarm
                0x100014a4       0x78 CMakeFiles/FinePad.dir/Users/kinshukruparelia/.pico-sdk/sdk/2.2.0/src/common/pico_time/time.c.o
                0x100014a4                alarm_pool_cancel_alarm
 .text.cancel_alarm
                0x1000151c       0x10 CMakeFiles/FinePad.dir/Users/kinshukruparelia/.pico-sdk/sdk/2.2.0/src/common/pico_time/time.c.o
 .text.sleep_until
                0x1000152c       0xb0 CMakeFiles/FinePad.dir/Users/kinshukruparelia/.pico-sdk/sdk/2.2.0/src/common/pico_time/time.c.o
                0x1000152c                sleep_until
 .text.sleep_us
                0x100015dc       0x24 CMakeFiles/FinePad.dir/Users/kinshukruparelia/.pico-sdk/sdk/2.2.0/src/common/pico_time/time.c.o
                0x100015dc                sleep_us
 .text.sleep_ms
                0x10001600       0x14 CMakeFiles/FinePad.dir/Users/kinshukruparelia/.pico-sdk/sdk/2.2.0/src/common/pico_time/time.c.o
                0x10001600                sleep_ms
 .text.best_effort_wfe_or_timeout
                0x10001614      0x11c CMakeFiles/FinePad.dir/Users/kinshukruparelia/.pico-sdk/sdk/2.2.0/src/common/pico_time/time.c.o
                0x10001614                best_effort_wfe_or_timeout
 .text.alarm_pool_get_default_timer
                0x10001730        0x8 CMakeFiles/FinePad.dir/Users/kinshukruparelia/.pico-sdk/sdk/2.2.0/src/common/pico_time/time.c.o
                0x10001730                alarm_pool_get_default_timer
 .text.runtime_init_default_alarm_pool
                0x10001738       0x38 CMakeFiles/FinePad.dir/Users/kinshukruparelia/.pico-sdk/sdk/2.2.0/src/common/pico_time/time.c.o
                0x10001738                runtime_init_default_alarm_pool
 .text.timer_hardware_alarm_claim
                0x10001770       0x14 CMakeFiles/FinePad.dir/Users/kinshukruparelia/.pico-sdk/sdk/2.2.0/src/rp2_common/hardware_timer/timer.c.o
                0x10001770                timer_hardware_alarm_claim
 .text.timer_time_us_64
                0x10001784       0x10 CMakeFiles/FinePad.dir/Users/kinshukruparelia/.pico-sdk/sdk/2.2.0/src/rp2_common/hardware_timer/timer.c.o
                0x10001784                timer_time_us_64
 .text.timer_busy_wait_until
                0x10001794       0x1a CMakeFiles/FinePad.dir/Users/kinshukruparelia/.pico-sdk/sdk/2.2.0/src/rp2_common/hardware_timer/timer.c.o
                0x10001794                timer_busy_wait_until
 *fill*         0x100017ae        0x2 
 .text.time_us_64
                0x100017b0       0x10 CMakeFiles/FinePad.dir/Users/kinshukruparelia/.pico-sdk/sdk/2.2.0/src/rp2_common/hardware_timer/timer.c.o
                0x100017b0                time_us_64
 .text.busy_wait_until
                0x100017c0       0x14 CMakeFiles/FinePad.dir/Users/kinshukruparelia/.pico-sdk/sdk/2.2.0/src/rp2_common/hardware_timer/timer.c.o
                0x100017c0                busy_wait_until
 .text.clock_configure_internal
                0x100017d4       0xc4 CMakeFiles/FinePad.dir/Users/kinshukruparelia/.pico-sdk/sdk/2.2.0/src/rp2_common/hardware_clocks/clocks.c.o
 .text.clock_configure_int_divider
                0x10001898       0x28 CMakeFiles/FinePad.dir/Users/kinshukruparelia/.pico-sdk/sdk/2.2.0/src/rp2_common/hardware_clocks/clocks.c.o
                0x10001898                clock_configure_int_divider
 .text.clock_configure_undivided
                0x100018c0       0x12 CMakeFiles/FinePad.dir/Users/kinshukruparelia/.pico-sdk/sdk/2.2.0/src/rp2_common/hardware_clocks/clocks.c.o
                0x100018c0                clock_configure_undivided
 *fill*         0x100018d2        0x2 
 .text.clock_get_hz
                0x100018d4        0xc CMakeFiles/FinePad.dir/Users/kinshukruparelia/.pico-sdk/sdk/2.2.0/src/rp2_common/hardware_clocks/clocks.c.o
                0x100018d4                clock_get_hz
 .text.pll_init
                0x100018e0      0x124 CMakeFiles/FinePad.dir/Users/kinshukruparelia/.pico-sdk/sdk/2.2.0/src/rp2_common/hardware_pll/pll.c.o
                0x100018e0                pll_init
 .text.tick_start
                0x10001a04       0x10 CMakeFiles/FinePad.dir/Users/kinshukruparelia/.pico-sdk/sdk/2.2.0/src/rp2_common/hardware_ticks/ticks.c.o
                0x10001a04                tick_start
 .text.rom_func_lookup
                0x10001a14       0x10 CMakeFiles/FinePad.dir/Users/kinshukruparelia/.pico-sdk/sdk/2.2.0/src/rp2_common/pico_bootrom/bootrom.c.o
                0x10001a14                rom_func_lookup
 .text.rom_data_lookup
                0x10001a24       0x10 CMakeFiles/FinePad.dir/Users/kinshukruparelia/.pico-sdk/sdk/2.2.0/src/rp2_common/pico_bootrom/bootrom.c.o
                0x10001a24                rom_data_lookup
 .text.rom_funcs_lookup
                0x10001a34       0x36 CMakeFiles/FinePad.dir/Users/kinshukruparelia/.pico-sdk/sdk/2.2.0/src/rp2_common/pico_bootrom/bootrom.c.o
                0x10001a34                rom_funcs_lookup
 *fill*         0x10001a6a        0x2 
 .text.xosc_init
                0x10001a6c       0x2c CMakeFiles/FinePad.dir/Users/kinshukruparelia/.pico-sdk/sdk/2.2.0/src/rp2_common/hardware_xosc/xosc.c.o
                0x10001a6c                xosc_init
 .text.runtime_run_initializers_from
                0x10001a98       0x18 CMakeFiles/FinePad.dir/Users/kinshukruparelia/.pico-sdk/sdk/2.2.0/src/rp2_common/pico_runtime/runtime.c.o
 .text.first_per_core_initializer
                0x10001ab0        0x2 CMakeFiles/FinePad.dir/Users/kinshukruparelia/.pico-sdk/sdk/2.2.0/src/rp2_common/pico_runtime/runtime.c.o
 *fill*         0x10001ab2        0x2 
 .text.runtime_run_initializers
                0x10001ab4       0x10 CMakeFiles/FinePad.dir/Users/kinshukruparelia/.pico-sdk/sdk/2.2.0/src/rp2_common/pico_runtime/runtime.c.o
                0x10001ab4                runtime_run_initializers
 .text.runtime_init_early_resets
                0x10001ac4       0x2c CMakeFiles/FinePad.dir/Users/kinshukruparelia/.pico-sdk/sdk/2.2.0/src/rp2_common/pico_runtime_init/runtime_init.c.o
                0x10001ac4                runtime_init_early_resets
 .text.runtime_init_usb_power_down
                0x10001af0       0x1c CMakeFiles/FinePad.dir/Users/kinshukruparelia/.pico-sdk/sdk/2.2.0/src/rp2_common/pico_runtime_init/runtime_init.c.o
                0x10001af0                runtime_init_usb_power_down
 .text.runtime_init_post_clock_resets
                0x10001b0c       0x20 CMakeFiles/FinePad.dir/Users/kinshukruparelia/.pico-sdk/sdk/2.2.0/src/rp2_common/pico_runtime_init/runtime_init.c.o
                0x10001b0c                runtime_init_post_clock_resets
 .text.runtime_init_rp2040_gpio_ie_disable
                0x10001b2c       0x14 CMakeFiles/FinePad.dir/Users/kinshukruparelia/.pico-sdk/sdk/2.2.0/src/rp2_common/pico_runtime_init/runtime_init.c.o
                0x10001b2c                runtime_init_rp2040_gpio_ie_disable
 .text.runtime_init_spin_locks_reset
                0x10001b40        0x8 CMakeFiles/FinePad.dir/Users/kinshukruparelia/.pico-sdk/sdk/2.2.0/src/rp2_common/pico_runtime_init/runtime_init.c.o
                0x10001b40                runtime_init_spin_locks_reset
 .text.runtime_init_install_ram_vector_table
                0x10001b48       0x48 CMakeFiles/FinePad.dir/Users/kinshukruparelia/.pico-sdk/sdk/2.2.0/src/rp2_common/pico_runtime_init/runtime_init.c.o
                0x10001b48                runtime_init_install_ram_vector_table
 .text.start_all_ticks
                0x10001b90       0x28 CMakeFiles/FinePad.dir/Users/kinshukruparelia/.pico-sdk/sdk/2.2.0/src/rp2_common/pico_runtime_init/runtime_init_clocks.c.o
 .text.runtime_init_clocks
                0x10001bb8       0xcc CMakeFiles/FinePad.dir/Users/kinshukruparelia/.pico-sdk/sdk/2.2.0/src/rp2_common/pico_runtime_init/runtime_init_clocks.c.o
                0x10001bb8                runtime_init_clocks
 .text          0x10001c84       0x10 CMakeFiles/FinePad.dir/Users/kinshukruparelia/.pico-sdk/sdk/2.2.0/src/rp2_common/pico_bit_ops/bit_ops_aeabi.S.o
 .text.__wrap___aeabi_idiv
                0x10001c94       0x50 CMakeFiles/FinePad.dir/Users/kinshukruparelia/.pico-sdk/sdk/2.2.0/src/rp2_common/pico_divider/divider_hardware.S.o
                0x10001c94                __wrap___aeabi_idivmod
                0x10001c94                divmod_s32s32
                0x10001c94                div_s32s32
                0x10001c94                __wrap___aeabi_idiv
                0x10001c9c                divmod_s32s32_unsafe
                0x10001cc8                divmod_s32s32_savestate
 .text.__wrap___aeabi_uidiv
                0x10001ce4       0x4c CMakeFiles/FinePad.dir/Users/kinshukruparelia/.pico-sdk/sdk/2.2.0/src/rp2_common/pico_divider/divider_hardware.S.o
                0x10001ce4                __wrap___aeabi_uidiv
                0x10001ce4                __wrap___aeabi_uidivmod
                0x10001ce4                div_u32u32
                0x10001ce4                divmod_u32u32
                0x10001cec                divmod_u32u32_unsafe
                0x10001d14                divmod_u32u32_savestate
 .text.__wrap___aeabi_ldiv
                0x10001d30      0x424 CMakeFiles/FinePad.dir/Users/kinshukruparelia/.pico-sdk/sdk/2.2.0/src/rp2_common/pico_divider/divider_hardware.S.o
                0x10001d30                __wrap___aeabi_ldivmod
                0x10001d30                div_s64s64
                0x10001d30                divmod_s64s64
                0x10001d60                divmod_u64u64
                0x10001d60                div_u64u64
                0x10001d60                __wrap___aeabi_uldivmod
                0x10001d70                divmod_u64u64_savestate
                0x10001d90                divmod_s64s64_unsafe
                0x10001e18                divmod_u64u64_unsafe
 .text.__wrap___aeabi_darithmetic
                0x10002154       0x80 CMakeFiles/FinePad.dir/Users/kinshukruparelia/.pico-sdk/sdk/2.2.0/src/rp2_common/pico_double/double_aeabi_rp2040.S.o
                0x10002154                __wrap___aeabi_drsub
                0x1000215a                __wrap___aeabi_dsub
                0x1000216c                __wrap___aeabi_dadd
                0x1000217e                __wrap___aeabi_ddiv
                0x100021ba                __wrap___aeabi_dmul
 .text.__wrap___aeabi_cdcmple
                0x100021d4       0x6c CMakeFiles/FinePad.dir/Users/kinshukruparelia/.pico-sdk/sdk/2.2.0/src/rp2_common/pico_double/double_aeabi_rp2040.S.o
                0x100021d4                __wrap___aeabi_cdrcmple
                0x100021e4                __wrap___aeabi_cdcmple
                0x100021e4                __wrap___aeabi_cdcmpeq
 .text.__wrap___aeabi_dcmplt
                0x10002240        0xc CMakeFiles/FinePad.dir/Users/kinshukruparelia/.pico-sdk/sdk/2.2.0/src/rp2_common/pico_double/double_aeabi_rp2040.S.o
                0x10002240                __wrap___aeabi_dcmplt
 .text.__wrap___aeabi_dcmple
                0x1000224c       0x10 CMakeFiles/FinePad.dir/Users/kinshukruparelia/.pico-sdk/sdk/2.2.0/src/rp2_common/pico_double/double_aeabi_rp2040.S.o
                0x1000224c                __wrap___aeabi_dcmple
 .text.__wrap___aeabi_dcmpge
                0x1000225c       0x10 CMakeFiles/FinePad.dir/Users/kinshukruparelia/.pico-sdk/sdk/2.2.0/src/rp2_common/pico_double/double_aeabi_rp2040.S.o
                0x1000225c                __wrap___aeabi_dcmpge
 .text.__wrap___aeabi_dcmpgt
                0x1000226c        0xa CMakeFiles/FinePad.dir/Users/kinshukruparelia/.pico-sdk/sdk/2.2.0/src/rp2_common/pico_double/double_aeabi_rp2040.S.o
                0x1000226c                __wrap___aeabi_dcmpgt
 .text.__wrap___aeabi_dcmpun
                0x10002276       0x18 CMakeFiles/FinePad.dir/Users/kinshukruparelia/.pico-sdk/sdk/2.2.0/src/rp2_common/pico_double/double_aeabi_rp2040.S.o
                0x10002276                __wrap___aeabi_dcmpun
 *fill*         0x1000228e        0x2 
 .text.__wrap___aeabi_i2d
                0x10002290       0x38 CMakeFiles/FinePad.dir/Users/kinshukruparelia/.pico-sdk/sdk/2.2.0/src/rp2_common/pico_double/double_aeabi_rp2040.S.o
                0x10002290                __wrap___aeabi_ui2d
                0x10002290                uint2double
                0x10002298                __wrap___aeabi_i2d
                0x10002298                int2double
 .text.__wrap___aeabi_d2iz
                0x100022c8       0x48 CMakeFiles/FinePad.dir/Users/kinshukruparelia/.pico-sdk/sdk/2.2.0/src/rp2_common/pico_double/double_aeabi_rp2040.S.o
                0x100022c8                __wrap___aeabi_d2iz
                0x100022c8                double2int_z
 .text.__wrap___aeabi_d2uiz
                0x10002310       0x18 CMakeFiles/FinePad.dir/Users/kinshukruparelia/.pico-sdk/sdk/2.2.0/src/rp2_common/pico_double/double_aeabi_rp2040.S.o
                0x10002310                double2uint_z
                0x10002310                double2uint
                0x10002310                __wrap___aeabi_d2uiz
 .text.__aeabi_double_init
                0x10002328       0xcc CMakeFiles/FinePad.dir/Users/kinshukruparelia/.pico-sdk/sdk/2.2.0/src/rp2_common/pico_double/double_init_rom_rp2040.c.o
                0x10002328                __aeabi_double_init
 .text.double_table_shim_on_use_helper
                0x100023f4       0x34 CMakeFiles/FinePad.dir/Users/kinshukruparelia/.pico-sdk/sdk/2.2.0/src/rp2_common/pico_double/double_v1_rom_shim_rp2040.S.o
                0x100023f4                double_table_shim_on_use_helper
 .text.__wrap___aeabi_dsub
                0x10002428       0x10 CMakeFiles/FinePad.dir/Users/kinshukruparelia/.pico-sdk/sdk/2.2.0/src/rp2_common/pico_double/double_v1_rom_shim_rp2040.S.o
                0x10002428                drsub_shim
                0x1000242e                dsub_shim
 .text.dadd_shim
                0x10002438      0x15c CMakeFiles/FinePad.dir/Users/kinshukruparelia/.pico-sdk/sdk/2.2.0/src/rp2_common/pico_double/double_v1_rom_shim_rp2040.S.o
                0x10002438                dadd_shim
 .text.dmul_shim
                0x10002594      0x15c CMakeFiles/FinePad.dir/Users/kinshukruparelia/.pico-sdk/sdk/2.2.0/src/rp2_common/pico_double/double_v1_rom_shim_rp2040.S.o
                0x10002594                dmul_shim
 .text.ddiv_shim
                0x100026f0      0x1b0 CMakeFiles/FinePad.dir/Users/kinshukruparelia/.pico-sdk/sdk/2.2.0/src/rp2_common/pico_double/double_v1_rom_shim_rp2040.S.o
                0x100026f0                ddiv_shim
 .text.double2uint_shim
                0x100028a0        0xe CMakeFiles/FinePad.dir/Users/kinshukruparelia/.pico-sdk/sdk/2.2.0/src/rp2_common/pico_double/double_v1_rom_shim_rp2040.S.o
                0x100028a0                double2uint_shim
                0x100028a2                double2ufix_shim
 *fill*         0x100028ae        0x2 
 .text.double2uint64_shim
                0x100028b0       0x70 CMakeFiles/FinePad.dir/Users/kinshukruparelia/.pico-sdk/sdk/2.2.0/src/rp2_common/pico_double/double_v1_rom_shim_rp2040.S.o
                0x100028b0                double2uint64_shim
                0x100028b2                double2ufix64_shim
                0x100028d2                d2fix_a
 .text.dunpacks
                0x10002920       0x3c CMakeFiles/FinePad.dir/Users/kinshukruparelia/.pico-sdk/sdk/2.2.0/src/rp2_common/pico_double/double_v1_rom_shim_rp2040.S.o
                0x10002920                dunpacks
 .text.__aeabi_lmul
                0x1000295c       0x32 CMakeFiles/FinePad.dir/Users/kinshukruparelia/.pico-sdk/sdk/2.2.0/src/rp2_common/pico_int64_ops/pico_int64_ops_aeabi.S.o
                0x1000295c                __wrap___aeabi_lmul
 *fill*         0x1000298e        0x2 
 .text.__aeabi_float_init
                0x10002990       0xfc CMakeFiles/FinePad.dir/Users/kinshukruparelia/.pico-sdk/sdk/2.2.0/src/rp2_common/pico_float/float_init_rom_rp2040.c.o
                0x10002990                __aeabi_float_init
 .text.float_table_shim_on_use_helper
                0x10002a8c       0x34 CMakeFiles/FinePad.dir/Users/kinshukruparelia/.pico-sdk/sdk/2.2.0/src/rp2_common/pico_float/float_v1_rom_shim_rp2040.S.o
                0x10002a8c                float_table_shim_on_use_helper
 .text          0x10002ac0       0x10 CMakeFiles/FinePad.dir/Users/kinshukruparelia/.pico-sdk/sdk/2.2.0/src/rp2_common/pico_mem_ops/mem_ops_aeabi.S.o
                0x10002ac0                __aeabi_mem_init
 .text.memset   0x10002ad0        0xc CMakeFiles/FinePad.dir/Users/kinshukruparelia/.pico-sdk/sdk/2.2.0/src/rp2_common/pico_mem_ops/mem_ops_aeabi.S.o
                0x10002ad0                __wrap_memset
 .text.memcpy   0x10002adc        0xc CMakeFiles/FinePad.dir/Users/kinshukruparelia/.pico-sdk/sdk/2.2.0/src/rp2_common/pico_mem_ops/mem_ops_aeabi.S.o
                0x10002adc                __wrap___aeabi_memcpy
                0x10002adc                __wrap_memcpy
 .text._out_null
                0x10002ae8        0x2 CMakeFiles/FinePad.dir/Users/kinshukruparelia/.pico-sdk/sdk/2.2.0/src/rp2_common/pico_printf/printf.c.o
 .text._out_fct
                0x10002aea        0xe CMakeFiles/FinePad.dir/Users/kinshukruparelia/.pico-sdk/sdk/2.2.0/src/rp2_common/pico_printf/printf.c.o
 .text._atoi    0x10002af8       0x24 CMakeFiles/FinePad.dir/Users/kinshukruparelia/.pico-sdk/sdk/2.2.0/src/rp2_common/pico_printf/printf.c.o
 .text._out_rev
                0x10002b1c       0xb0 CMakeFiles/FinePad.dir/Users/kinshukruparelia/.pico-sdk/sdk/2.2.0/src/rp2_common/pico_printf/printf.c.o
 .text._ntoa_format
                0x10002bcc      0x10e CMakeFiles/FinePad.dir/Users/kinshukruparelia/.pico-sdk/sdk/2.2.0/src/rp2_common/pico_printf/printf.c.o
 .text._ntoa_long
                0x10002cda       0xbc CMakeFiles/FinePad.dir/Users/kinshukruparelia/.pico-sdk/sdk/2.2.0/src/rp2_common/pico_printf/printf.c.o
 .text._ntoa_long_long
                0x10002d96      0x10e CMakeFiles/FinePad.dir/Users/kinshukruparelia/.pico-sdk/sdk/2.2.0/src/rp2_common/pico_printf/printf.c.o
 .text._etoa    0x10002ea4      0x424 CMakeFiles/FinePad.dir/Users/kinshukruparelia/.pico-sdk/sdk/2.2.0/src/rp2_common/pico_printf/printf.c.o
 .text._ftoa    0x100032c8      0x348 CMakeFiles/FinePad.dir/Users/kinshukruparelia/.pico-sdk/sdk/2.2.0/src/rp2_common/pico_printf/printf.c.o
 .text._vsnprintf
                0x10003610      0x6a4 CMakeFiles/FinePad.dir/Users/kinshukruparelia/.pico-sdk/sdk/2.2.0/src/rp2_common/pico_printf/printf.c.o
 .text.vfctprintf
                0x10003cb4       0x24 CMakeFiles/FinePad.dir/Users/kinshukruparelia/.pico-sdk/sdk/2.2.0/src/rp2_common/pico_printf/printf.c.o
                0x10003cb4                vfctprintf
 .text._exit    0x10003cd8        0x4 CMakeFiles/FinePad.dir/Users/kinshukruparelia/.pico-sdk/sdk/2.2.0/src/rp2_common/pico_clib_interface/newlib_interface.c.o
                0x10003cd8                _exit
 .text.exit     0x10003cdc        0x6 CMakeFiles/FinePad.dir/Users/kinshukruparelia/.pico-sdk/sdk/2.2.0/src/rp2_common/pico_clib_interface/newlib_interface.c.o
                0x10003cdc                exit
 *fill*         0x10003ce2        0x2 
 .text.__assert_func
                0x10003ce4       0x38 CMakeFiles/FinePad.dir/Users/kinshukruparelia/.pico-sdk/sdk/2.2.0/src/rp2_common/pico_clib_interface/newlib_interface.c.o
                0x10003ce4                __assert_func
 .text.runtime_init
                0x10003d1c       0x28 CMakeFiles/FinePad.dir/Users/kinshukruparelia/.pico-sdk/sdk/2.2.0/src/rp2_common/pico_clib_interface/newlib_interface.c.o
                0x10003d1c                runtime_init
 .text.stdio_out_chars_no_crlf
                0x10003d44        0xe CMakeFiles/FinePad.dir/Users/kinshukruparelia/.pico-sdk/sdk/2.2.0/src/rp2_common/pico_stdio/stdio.c.o
 *fill*         0x10003d52        0x2 
 .text.stdio_out_chars_crlf
                0x10003d54       0x80 CMakeFiles/FinePad.dir/Users/kinshukruparelia/.pico-sdk/sdk/2.2.0/src/rp2_common/pico_stdio/stdio.c.o
 .text.stdio_stack_buffer_flush
                0x10003dd4       0x44 CMakeFiles/FinePad.dir/Users/kinshukruparelia/.pico-sdk/sdk/2.2.0/src/rp2_common/pico_stdio/stdio.c.o
 .text.stdio_buffered_printer
                0x10003e18       0x20 CMakeFiles/FinePad.dir/Users/kinshukruparelia/.pico-sdk/sdk/2.2.0/src/rp2_common/pico_stdio/stdio.c.o
 .text.stdout_serialize_begin
                0x10003e38       0x30 CMakeFiles/FinePad.dir/Users/kinshukruparelia/.pico-sdk/sdk/2.2.0/src/rp2_common/pico_stdio/stdio.c.o
                0x10003e38                stdout_serialize_begin
 .text.stdout_serialize_end
                0x10003e68       0x10 CMakeFiles/FinePad.dir/Users/kinshukruparelia/.pico-sdk/sdk/2.2.0/src/rp2_common/pico_stdio/stdio.c.o
                0x10003e68                stdout_serialize_end
 .text.stdio_put_string
                0x10003e78       0x94 CMakeFiles/FinePad.dir/Users/kinshukruparelia/.pico-sdk/sdk/2.2.0/src/rp2_common/pico_stdio/stdio.c.o
                0x10003e78                stdio_put_string
 .text.stdio_flush
                0x10003f0c       0x20 CMakeFiles/FinePad.dir/Users/kinshukruparelia/.pico-sdk/sdk/2.2.0/src/rp2_common/pico_stdio/stdio.c.o
                0x10003f0c                stdio_flush
 .text.stdio_init_all
                0x10003f2c        0x4 CMakeFiles/FinePad.dir/Users/kinshukruparelia/.pico-sdk/sdk/2.2.0/src/rp2_common/pico_stdio/stdio.c.o
                0x10003f2c                stdio_init_all
 .text.__wrap_puts
                0x10003f30       0x1e CMakeFiles/FinePad.dir/Users/kinshukruparelia/.pico-sdk/sdk/2.2.0/src/rp2_common/pico_stdio/stdio.c.o
                0x10003f30                __wrap_puts
                0x10003f30                stdio_puts
 *fill*         0x10003f4e        0x2 
 .text.__wrap_vprintf
                0x10003f50       0x40 CMakeFiles/FinePad.dir/Users/kinshukruparelia/.pico-sdk/sdk/2.2.0/src/rp2_common/pico_stdio/stdio.c.o
                0x10003f50                __wrap_vprintf
                0x10003f50                stdio_vprintf
 .text.__wrap_printf
                0x10003f90       0x18 CMakeFiles/FinePad.dir/Users/kinshukruparelia/.pico-sdk/sdk/2.2.0/src/rp2_common/pico_stdio/stdio.c.o
                0x10003f90                stdio_printf
                0x10003f90                __wrap_printf
 .text.hw_endpoint_init
                0x10003fa8       0xc0 CMakeFiles/FinePad.dir/Users/kinshukruparelia/.pico-sdk/sdk/2.2.0/lib/tinyusb/src/portable/raspberrypi/rp2040/dcd_rp2040.c.o
 .text.hw_endpoint_alloc
                0x10004068       0x48 CMakeFiles/FinePad.dir/Users/kinshukruparelia/.pico-sdk/sdk/2.2.0/lib/tinyusb/src/portable/raspberrypi/rp2040/dcd_rp2040.c.o
 .text.hw_endpoint_open
                0x100040b0       0x50 CMakeFiles/FinePad.dir/Users/kinshukruparelia/.pico-sdk/sdk/2.2.0/lib/tinyusb/src/portable/raspberrypi/rp2040/dcd_rp2040.c.o
 .text.hw_endpoint_xfer
                0x10004100       0x20 CMakeFiles/FinePad.dir/Users/kinshukruparelia/.pico-sdk/sdk/2.2.0/lib/tinyusb/src/portable/raspberrypi/rp2040/dcd_rp2040.c.o
 .text.dcd_int_enable
                0x10004120       0x2c CMakeFiles/FinePad.dir/Users/kinshukruparelia/.pico-sdk/sdk/2.2.0/lib/tinyusb/src/portable/raspberrypi/rp2040/dcd_rp2040.c.o
                0x10004120                dcd_int_enable
 .text.dcd_set_address
                0x1000414c       0x2c CMakeFiles/FinePad.dir/Users/kinshukruparelia/.pico-sdk/sdk/2.2.0/lib/tinyusb/src/portable/raspberrypi/rp2040/dcd_rp2040.c.o
                0x1000414c                dcd_set_address
 .text.dcd_connect
                0x10004178       0x10 CMakeFiles/FinePad.dir/Users/kinshukruparelia/.pico-sdk/sdk/2.2.0/lib/tinyusb/src/portable/raspberrypi/rp2040/dcd_rp2040.c.o
                0x10004178                dcd_connect
 .text.dcd_init
                0x10004188       0x80 CMakeFiles/FinePad.dir/Users/kinshukruparelia/.pico-sdk/sdk/2.2.0/lib/tinyusb/src/portable/raspberrypi/rp2040/dcd_rp2040.c.o
                0x10004188                dcd_init
 .text.dcd_sof_enable
                0x10004208       0x1c CMakeFiles/FinePad.dir/Users/kinshukruparelia/.pico-sdk/sdk/2.2.0/lib/tinyusb/src/portable/raspberrypi/rp2040/dcd_rp2040.c.o
                0x10004208                dcd_sof_enable
 .text.dcd_edpt0_status_complete
                0x10004224       0x1c CMakeFiles/FinePad.dir/Users/kinshukruparelia/.pico-sdk/sdk/2.2.0/lib/tinyusb/src/portable/raspberrypi/rp2040/dcd_rp2040.c.o
                0x10004224                dcd_edpt0_status_complete
 .text.dcd_edpt_open
                0x10004240       0x26 CMakeFiles/FinePad.dir/Users/kinshukruparelia/.pico-sdk/sdk/2.2.0/lib/tinyusb/src/portable/raspberrypi/rp2040/dcd_rp2040.c.o
                0x10004240                dcd_edpt_open
 .text.dcd_edpt_close_all
                0x10004266        0x8 CMakeFiles/FinePad.dir/Users/kinshukruparelia/.pico-sdk/sdk/2.2.0/lib/tinyusb/src/portable/raspberrypi/rp2040/dcd_rp2040.c.o
                0x10004266                dcd_edpt_close_all
 *fill*         0x1000426e        0x2 
 .text.dcd_edpt_xfer
                0x10004270       0x30 CMakeFiles/FinePad.dir/Users/kinshukruparelia/.pico-sdk/sdk/2.2.0/lib/tinyusb/src/portable/raspberrypi/rp2040/dcd_rp2040.c.o
                0x10004270                dcd_edpt_xfer
 .text.dcd_edpt_stall
                0x100042a0       0x3c CMakeFiles/FinePad.dir/Users/kinshukruparelia/.pico-sdk/sdk/2.2.0/lib/tinyusb/src/portable/raspberrypi/rp2040/dcd_rp2040.c.o
                0x100042a0                dcd_edpt_stall
 .text.dcd_edpt_clear_stall
                0x100042dc       0x30 CMakeFiles/FinePad.dir/Users/kinshukruparelia/.pico-sdk/sdk/2.2.0/lib/tinyusb/src/portable/raspberrypi/rp2040/dcd_rp2040.c.o
                0x100042dc                dcd_edpt_clear_stall
 .text.unaligned_memcpy
                0x1000430c       0x14 CMakeFiles/FinePad.dir/Users/kinshukruparelia/.pico-sdk/sdk/2.2.0/lib/tinyusb/src/portable/raspberrypi/rp2040/rp2040_usb.c.o
 .text.rp2040_usb_init
                0x10004320       0x44 CMakeFiles/FinePad.dir/Users/kinshukruparelia/.pico-sdk/sdk/2.2.0/lib/tinyusb/src/portable/raspberrypi/rp2040/rp2040_usb.c.o
                0x10004320                rp2040_usb_init
 .text.hw_endpoint_xfer_start
                0x10004364       0x60 CMakeFiles/FinePad.dir/Users/kinshukruparelia/.pico-sdk/sdk/2.2.0/lib/tinyusb/src/portable/raspberrypi/rp2040/rp2040_usb.c.o
                0x10004364                hw_endpoint_xfer_start
 .text.tud_vendor_control_xfer_cb
                0x100043c4        0x4 CMakeFiles/FinePad.dir/Users/kinshukruparelia/.pico-sdk/sdk/2.2.0/lib/tinyusb/src/device/usbd.c.o
                0x100043c4                tud_vendor_control_xfer_cb
 .text.configuration_reset
                0x100043c8       0x7c CMakeFiles/FinePad.dir/Users/kinshukruparelia/.pico-sdk/sdk/2.2.0/lib/tinyusb/src/device/usbd.c.o
 .text.usbd_reset
                0x10004444        0xc CMakeFiles/FinePad.dir/Users/kinshukruparelia/.pico-sdk/sdk/2.2.0/lib/tinyusb/src/device/usbd.c.o
 .text.invoke_class_control
                0x10004450       0x1a CMakeFiles/FinePad.dir/Users/kinshukruparelia/.pico-sdk/sdk/2.2.0/lib/tinyusb/src/device/usbd.c.o
 *fill*         0x1000446a        0x2 
 .text.process_set_config
                0x1000446c      0x16c CMakeFiles/FinePad.dir/Users/kinshukruparelia/.pico-sdk/sdk/2.2.0/lib/tinyusb/src/device/usbd.c.o
 .text.tud_event_hook_cb
                0x100045d8        0x2 CMakeFiles/FinePad.dir/Users/kinshukruparelia/.pico-sdk/sdk/2.2.0/lib/tinyusb/src/device/usbd.c.o
                0x100045d8                tud_event_hook_cb
 .text.tud_sof_cb
                0x100045da        0x2 CMakeFiles/FinePad.dir/Users/kinshukruparelia/.pico-sdk/sdk/2.2.0/lib/tinyusb/src/device/usbd.c.o
                0x100045da                tud_sof_cb
 .text.tud_descriptor_bos_cb
                0x100045dc        0x4 CMakeFiles/FinePad.dir/Users/kinshukruparelia/.pico-sdk/sdk/2.2.0/lib/tinyusb/src/device/usbd.c.o
                0x100045dc                tud_descriptor_bos_cb
 .text.tud_descriptor_device_qualifier_cb
                0x100045e0        0x4 CMakeFiles/FinePad.dir/Users/kinshukruparelia/.pico-sdk/sdk/2.2.0/lib/tinyusb/src/device/usbd.c.o
                0x100045e0                tud_descriptor_device_qualifier_cb
 .text.tud_descriptor_other_speed_configuration_cb
                0x100045e4        0x4 CMakeFiles/FinePad.dir/Users/kinshukruparelia/.pico-sdk/sdk/2.2.0/lib/tinyusb/src/device/usbd.c.o
                0x100045e4                tud_descriptor_other_speed_configuration_cb
 .text.process_get_descriptor
                0x100045e8       0xe0 CMakeFiles/FinePad.dir/Users/kinshukruparelia/.pico-sdk/sdk/2.2.0/lib/tinyusb/src/device/usbd.c.o
 .text.tud_mount_cb
                0x100046c8        0x2 CMakeFiles/FinePad.dir/Users/kinshukruparelia/.pico-sdk/sdk/2.2.0/lib/tinyusb/src/device/usbd.c.o
                0x100046c8                tud_mount_cb
 .text.tud_umount_cb
                0x100046ca        0x2 CMakeFiles/FinePad.dir/Users/kinshukruparelia/.pico-sdk/sdk/2.2.0/lib/tinyusb/src/device/usbd.c.o
                0x100046ca                tud_umount_cb
 .text.tud_suspend_cb
                0x100046cc        0x2 CMakeFiles/FinePad.dir/Users/kinshukruparelia/.pico-sdk/sdk/2.2.0/lib/tinyusb/src/device/usbd.c.o
                0x100046cc                tud_suspend_cb
 .text.tud_resume_cb
                0x100046ce        0x2 CMakeFiles/FinePad.dir/Users/kinshukruparelia/.pico-sdk/sdk/2.2.0/lib/tinyusb/src/device/usbd.c.o
                0x100046ce                tud_resume_cb
 .text.tud_mounted
                0x100046d0       0x10 CMakeFiles/FinePad.dir/Users/kinshukruparelia/.pico-sdk/sdk/2.2.0/lib/tinyusb/src/device/usbd.c.o
                0x100046d0                tud_mounted
 .text.tud_suspended
                0x100046e0       0x10 CMakeFiles/FinePad.dir/Users/kinshukruparelia/.pico-sdk/sdk/2.2.0/lib/tinyusb/src/device/usbd.c.o
                0x100046e0                tud_suspended
 .text.tud_inited
                0x100046f0       0x14 CMakeFiles/FinePad.dir/Users/kinshukruparelia/.pico-sdk/sdk/2.2.0/lib/tinyusb/src/device/usbd.c.o
                0x100046f0                tud_inited
 .text.tud_rhport_init
                0x10004704       0xf8 CMakeFiles/FinePad.dir/Users/kinshukruparelia/.pico-sdk/sdk/2.2.0/lib/tinyusb/src/device/usbd.c.o
                0x10004704                tud_rhport_init
 .text.usbd_edpt_open
                0x100047fc       0x60 CMakeFiles/FinePad.dir/Users/kinshukruparelia/.pico-sdk/sdk/2.2.0/lib/tinyusb/src/device/usbd.c.o
                0x100047fc                usbd_edpt_open
 .text.usbd_open_edpt_pair
                0x1000485c       0x88 CMakeFiles/FinePad.dir/Users/kinshukruparelia/.pico-sdk/sdk/2.2.0/lib/tinyusb/src/device/usbd.c.o
                0x1000485c                usbd_open_edpt_pair
 .text.usbd_edpt_claim
                0x100048e4       0x28 CMakeFiles/FinePad.dir/Users/kinshukruparelia/.pico-sdk/sdk/2.2.0/lib/tinyusb/src/device/usbd.c.o
                0x100048e4                usbd_edpt_claim
 .text.usbd_edpt_xfer
                0x1000490c       0x88 CMakeFiles/FinePad.dir/Users/kinshukruparelia/.pico-sdk/sdk/2.2.0/lib/tinyusb/src/device/usbd.c.o
                0x1000490c                usbd_edpt_xfer
 .text.usbd_edpt_busy
                0x10004994       0x1c CMakeFiles/FinePad.dir/Users/kinshukruparelia/.pico-sdk/sdk/2.2.0/lib/tinyusb/src/device/usbd.c.o
                0x10004994                usbd_edpt_busy
 .text.usbd_edpt_stall
                0x100049b0       0x34 CMakeFiles/FinePad.dir/Users/kinshukruparelia/.pico-sdk/sdk/2.2.0/lib/tinyusb/src/device/usbd.c.o
                0x100049b0                usbd_edpt_stall
 .text.usbd_edpt_clear_stall
                0x100049e4       0x34 CMakeFiles/FinePad.dir/Users/kinshukruparelia/.pico-sdk/sdk/2.2.0/lib/tinyusb/src/device/usbd.c.o
                0x100049e4                usbd_edpt_clear_stall
 .text.usbd_edpt_stalled
                0x10004a18       0x1c CMakeFiles/FinePad.dir/Users/kinshukruparelia/.pico-sdk/sdk/2.2.0/lib/tinyusb/src/device/usbd.c.o
                0x10004a18                usbd_edpt_stalled
 .text.process_control_request
                0x10004a34      0x37c CMakeFiles/FinePad.dir/Users/kinshukruparelia/.pico-sdk/sdk/2.2.0/lib/tinyusb/src/device/usbd.c.o
 .text.tud_task_ext
                0x10004db0      0x1d0 CMakeFiles/FinePad.dir/Users/kinshukruparelia/.pico-sdk/sdk/2.2.0/lib/tinyusb/src/device/usbd.c.o
                0x10004db0                tud_task_ext
 .text.status_stage_xact
                0x10004f80       0x1a CMakeFiles/FinePad.dir/Users/kinshukruparelia/.pico-sdk/sdk/2.2.0/lib/tinyusb/src/device/usbd_control.c.o
 *fill*         0x10004f9a        0x2 
 .text.data_stage_xact
                0x10004f9c       0x60 CMakeFiles/FinePad.dir/Users/kinshukruparelia/.pico-sdk/sdk/2.2.0/lib/tinyusb/src/device/usbd_control.c.o
 .text.tud_control_status
                0x10004ffc       0x28 CMakeFiles/FinePad.dir/Users/kinshukruparelia/.pico-sdk/sdk/2.2.0/lib/tinyusb/src/device/usbd_control.c.o
                0x10004ffc                tud_control_status
 .text.tud_control_xfer
                0x10005024       0x98 CMakeFiles/FinePad.dir/Users/kinshukruparelia/.pico-sdk/sdk/2.2.0/lib/tinyusb/src/device/usbd_control.c.o
                0x10005024                tud_control_xfer
 .text.usbd_control_reset
                0x100050bc       0x14 CMakeFiles/FinePad.dir/Users/kinshukruparelia/.pico-sdk/sdk/2.2.0/lib/tinyusb/src/device/usbd_control.c.o
                0x100050bc                usbd_control_reset
 .text.usbd_control_set_complete_callback
                0x100050d0        0xc CMakeFiles/FinePad.dir/Users/kinshukruparelia/.pico-sdk/sdk/2.2.0/lib/tinyusb/src/device/usbd_control.c.o
                0x100050d0                usbd_control_set_complete_callback
 .text.usbd_control_set_request
                0x100050dc       0x1c CMakeFiles/FinePad.dir/Users/kinshukruparelia/.pico-sdk/sdk/2.2.0/lib/tinyusb/src/device/usbd_control.c.o
                0x100050dc                usbd_control_set_request
 .text.usbd_control_xfer_cb
                0x100050f8       0xe0 CMakeFiles/FinePad.dir/Users/kinshukruparelia/.pico-sdk/sdk/2.2.0/lib/tinyusb/src/device/usbd_control.c.o
                0x100050f8                usbd_control_xfer_cb
 .text.tud_hid_set_protocol_cb
                0x100051d8        0x2 CMakeFiles/FinePad.dir/Users/kinshukruparelia/.pico-sdk/sdk/2.2.0/lib/tinyusb/src/class/hid/hid_device.c.o
                0x100051d8                tud_hid_set_protocol_cb
 .text.tud_hid_set_idle_cb
                0x100051da        0x4 CMakeFiles/FinePad.dir/Users/kinshukruparelia/.pico-sdk/sdk/2.2.0/lib/tinyusb/src/class/hid/hid_device.c.o
                0x100051da                tud_hid_set_idle_cb
 .text.tud_hid_report_complete_cb
                0x100051de        0x2 CMakeFiles/FinePad.dir/Users/kinshukruparelia/.pico-sdk/sdk/2.2.0/lib/tinyusb/src/class/hid/hid_device.c.o
                0x100051de                tud_hid_report_complete_cb
 .text.tud_hid_report_failed_cb
                0x100051e0        0x2 CMakeFiles/FinePad.dir/Users/kinshukruparelia/.pico-sdk/sdk/2.2.0/lib/tinyusb/src/class/hid/hid_device.c.o
                0x100051e0                tud_hid_report_failed_cb
 *fill*         0x100051e2        0x2 
 .text.tud_hid_n_ready
                0x100051e4       0x44 CMakeFiles/FinePad.dir/Users/kinshukruparelia/.pico-sdk/sdk/2.2.0/lib/tinyusb/src/class/hid/hid_device.c.o
                0x100051e4                tud_hid_n_ready
 .text.tud_hid_n_report
                0x10005228       0x9c CMakeFiles/FinePad.dir/Users/kinshukruparelia/.pico-sdk/sdk/2.2.0/lib/tinyusb/src/class/hid/hid_device.c.o
                0x10005228                tud_hid_n_report
 .text.tud_hid_n_keyboard_report
                0x100052c4       0x3a CMakeFiles/FinePad.dir/Users/kinshukruparelia/.pico-sdk/sdk/2.2.0/lib/tinyusb/src/class/hid/hid_device.c.o
                0x100052c4                tud_hid_n_keyboard_report
 .text.tud_hid_n_mouse_report
                0x100052fe       0x2e CMakeFiles/FinePad.dir/Users/kinshukruparelia/.pico-sdk/sdk/2.2.0/lib/tinyusb/src/class/hid/hid_device.c.o
                0x100052fe                tud_hid_n_mouse_report
 .text.hidd_deinit
                0x1000532c        0x4 CMakeFiles/FinePad.dir/Users/kinshukruparelia/.pico-sdk/sdk/2.2.0/lib/tinyusb/src/class/hid/hid_device.c.o
                0x1000532c                hidd_deinit
 .text.hidd_reset
                0x10005330       0x14 CMakeFiles/FinePad.dir/Users/kinshukruparelia/.pico-sdk/sdk/2.2.0/lib/tinyusb/src/class/hid/hid_device.c.o
                0x10005330                hidd_reset
 .text.hidd_init
                0x10005344        0xa CMakeFiles/FinePad.dir/Users/kinshukruparelia/.pico-sdk/sdk/2.2.0/lib/tinyusb/src/class/hid/hid_device.c.o
                0x10005344                hidd_init
 *fill*         0x1000534e        0x2 
 .text.hidd_open
                0x10005350      0x108 CMakeFiles/FinePad.dir/Users/kinshukruparelia/.pico-sdk/sdk/2.2.0/lib/tinyusb/src/class/hid/hid_device.c.o
                0x10005350                hidd_open
 .text.hidd_control_xfer_cb
                0x10005458      0x288 CMakeFiles/FinePad.dir/Users/kinshukruparelia/.pico-sdk/sdk/2.2.0/lib/tinyusb/src/class/hid/hid_device.c.o
                0x10005458                hidd_control_xfer_cb
 .text.hidd_xfer_cb
                0x100056e0       0xe8 CMakeFiles/FinePad.dir/Users/kinshukruparelia/.pico-sdk/sdk/2.2.0/lib/tinyusb/src/class/hid/hid_device.c.o
                0x100056e0                hidd_xfer_cb
 .text.tusb_rhport_init
                0x100057c8       0x78 CMakeFiles/FinePad.dir/Users/kinshukruparelia/.pico-sdk/sdk/2.2.0/lib/tinyusb/src/tusb.c.o
                0x100057c8                tusb_rhport_init
 .text.tu_edpt_claim
                0x10005840       0x50 CMakeFiles/FinePad.dir/Users/kinshukruparelia/.pico-sdk/sdk/2.2.0/lib/tinyusb/src/tusb.c.o
                0x10005840                tu_edpt_claim
 .text.tu_edpt_validate
                0x10005890       0xac CMakeFiles/FinePad.dir/Users/kinshukruparelia/.pico-sdk/sdk/2.2.0/lib/tinyusb/src/tusb.c.o
                0x10005890                tu_edpt_validate
 .text.tu_edpt_bind_driver
                0x1000593c       0x26 CMakeFiles/FinePad.dir/Users/kinshukruparelia/.pico-sdk/sdk/2.2.0/lib/tinyusb/src/tusb.c.o
                0x1000593c                tu_edpt_bind_driver
 .text.advance_index
                0x10005962       0x1a CMakeFiles/FinePad.dir/Users/kinshukruparelia/.pico-sdk/sdk/2.2.0/lib/tinyusb/src/common/tusb_fifo.c.o
 .text._tu_fifo_peek
                0x1000597c       0x56 CMakeFiles/FinePad.dir/Users/kinshukruparelia/.pico-sdk/sdk/2.2.0/lib/tinyusb/src/common/tusb_fifo.c.o
 .text.tu_fifo_full
                0x100059d2       0x2a CMakeFiles/FinePad.dir/Users/kinshukruparelia/.pico-sdk/sdk/2.2.0/lib/tinyusb/src/common/tusb_fifo.c.o
                0x100059d2                tu_fifo_full
 .text.tu_fifo_read
                0x100059fc       0x42 CMakeFiles/FinePad.dir/Users/kinshukruparelia/.pico-sdk/sdk/2.2.0/lib/tinyusb/src/common/tusb_fifo.c.o
                0x100059fc                tu_fifo_read
 .text.tu_fifo_write
                0x10005a3e       0x64 CMakeFiles/FinePad.dir/Users/kinshukruparelia/.pico-sdk/sdk/2.2.0/lib/tinyusb/src/common/tusb_fifo.c.o
                0x10005a3e                tu_fifo_write
 .text.tu_fifo_clear
                0x10005aa2       0x3e CMakeFiles/FinePad.dir/Users/kinshukruparelia/.pico-sdk/sdk/2.2.0/lib/tinyusb/src/common/tusb_fifo.c.o
                0x10005aa2                tu_fifo_clear
 .text._retrieve_unique_id_on_boot
                0x10005ae0       0x10 CMakeFiles/FinePad.dir/Users/kinshukruparelia/.pico-sdk/sdk/2.2.0/src/rp2_common/pico_unique_id/unique_id.c.o
 .text.flash_get_unique_id
                0x10005af0       0x40 CMakeFiles/FinePad.dir/Users/kinshukruparelia/.pico-sdk/sdk/2.2.0/src/rp2_common/hardware_flash/flash.c.o
                0x10005af0                flash_get_unique_id
 .text.strlen   0x10005b30       0x5c /Users/kinshukruparelia/.pico-sdk/toolchain/14_2_Rel1/bin/../lib/gcc/arm-none-eabi/14.2.1/../../../../arm-none-eabi/lib/thumb/v6-m/nofp/libg.a(libc_a-strlen-stub.o)
                0x10005b30                strlen
 *(.fini)
 .fini          0x10005b8c        0x4 /Users/kinshukruparelia/.pico-sdk/toolchain/14_2_Rel1/bin/../lib/gcc/arm-none-eabi/14.2.1/thumb/v6-m/nofp/crti.o
                0x10005b8c                _fini
 .fini.__stub   0x10005b90       0xc0 linker stubs
 *crtbegin.o(.ctors)
 *crtbegin?.o(.ctors)
 *(EXCLUDE_FILE(*crtend.o *crtend?.o) .ctors)
 *(SORT_BY_NAME(.ctors.*))
 *(.ctors)
 *crtbegin.o(.dtors)
 *crtbegin?.o(.dtors)
 *(EXCLUDE_FILE(*crtend.o *crtend?.o) .dtors)
 *(SORT_BY_NAME(.dtors.*))
 *(.dtors)
                0x10005c50                        . = ALIGN (0x4)
                0x10005c50                        PROVIDE (__preinit_array_start = .)
 *(SORT_BY_NAME(.preinit_array.*))
 .preinit_array.00100
                0x10005c50        0x4 CMakeFiles/FinePad.dir/Users/kinshukruparelia/.pico-sdk/sdk/2.2.0/src/rp2_common/pico_runtime_init/runtime_init.c.o
                0x10005c50                __pre_init_runtime_init_early_resets
 .preinit_array.00101
                0x10005c54        0x4 CMakeFiles/FinePad.dir/Users/kinshukruparelia/.pico-sdk/sdk/2.2.0/src/rp2_common/pico_runtime_init/runtime_init.c.o
                0x10005c54                __pre_init_runtime_init_usb_power_down
 .preinit_array.00275
                0x10005c58        0x4 CMakeFiles/FinePad.dir/Users/kinshukruparelia/.pico-sdk/sdk/2.2.0/src/rp2_common/pico_bit_ops/bit_ops_aeabi.S.o
 .preinit_array.00300
                0x10005c5c        0x4 CMakeFiles/FinePad.dir/Users/kinshukruparelia/.pico-sdk/sdk/2.2.0/src/rp2_common/pico_mem_ops/mem_ops_aeabi.S.o
 .preinit_array.00350
                0x10005c60        0x4 CMakeFiles/FinePad.dir/Users/kinshukruparelia/.pico-sdk/sdk/2.2.0/src/rp2_common/pico_double/double_aeabi_rp2040.S.o
 .preinit_array.00350
                0x10005c64        0x4 CMakeFiles/FinePad.dir/Users/kinshukruparelia/.pico-sdk/sdk/2.2.0/src/rp2_common/pico_float/float_aeabi_rp2040.S.o
 .preinit_array.00500
                0x10005c68        0x4 CMakeFiles/FinePad.dir/Users/kinshukruparelia/.pico-sdk/sdk/2.2.0/src/rp2_common/pico_runtime_init/runtime_init.c.o
                0x10005c68                __pre_init_runtime_init_clocks
 .preinit_array.00600
                0x10005c6c        0x4 CMakeFiles/FinePad.dir/Users/kinshukruparelia/.pico-sdk/sdk/2.2.0/src/rp2_common/pico_runtime_init/runtime_init.c.o
                0x10005c6c                __pre_init_runtime_init_post_clock_resets
 .preinit_array.00700
                0x10005c70        0x4 CMakeFiles/FinePad.dir/Users/kinshukruparelia/.pico-sdk/sdk/2.2.0/src/rp2_common/pico_runtime_init/runtime_init.c.o
                0x10005c70                __pre_init_runtime_init_rp2040_gpio_ie_disable
 .preinit_array.01000
                0x10005c74        0x4 CMakeFiles/FinePad.dir/Users/kinshukruparelia/.pico-sdk/sdk/2.2.0/src/rp2_common/pico_runtime_init/runtime_init.c.o
                0x10005c74                __pre_init_runtime_init_spin_locks_reset
 .preinit_array.01100
                0x10005c78        0x4 CMakeFiles/FinePad.dir/Users/kinshukruparelia/.pico-sdk/sdk/2.2.0/src/common/pico_sync/mutex.c.o
                0x10005c78                __pre_init_runtime_init_mutex
 .preinit_array.10080
                0x10005c7c        0x4 CMakeFiles/FinePad.dir/Users/kinshukruparelia/.pico-sdk/sdk/2.2.0/src/rp2_common/pico_runtime_init/runtime_init.c.o
                0x10005c7c                __pre_init_runtime_init_install_ram_vector_table
 .preinit_array.11000
                0x10005c80        0x4 CMakeFiles/FinePad.dir/Users/kinshukruparelia/.pico-sdk/sdk/2.2.0/src/common/pico_time/time.c.o
                0x10005c80                __pre_init_runtime_init_default_alarm_pool
 .preinit_array.YYYYY
                0x10005c84        0x4 CMakeFiles/FinePad.dir/Users/kinshukruparelia/.pico-sdk/sdk/2.2.0/src/rp2_common/pico_runtime/runtime.c.o
                0x10005c84                __pre_init_first_per_core_initializer
 .preinit_array.ZZZZZ.01200
                0x10005c88        0x4 CMakeFiles/FinePad.dir/Users/kinshukruparelia/.pico-sdk/sdk/2.2.0/src/rp2_common/hardware_irq/irq.c.o
                0x10005c88                __pre_init_runtime_init_per_core_irq_priorities
 *(.preinit_array)
                0x10005c8c                        PROVIDE (__preinit_array_end = .)
                0x10005c8c                        . = ALIGN (0x4)
                0x10005c8c                        PROVIDE (__init_array_start = .)
 *(SORT_BY_NAME(.init_array.*))
 .init_array.01000
                0x10005c8c        0x4 CMakeFiles/FinePad.dir/Users/kinshukruparelia/.pico-sdk/sdk/2.2.0/src/rp2_common/pico_unique_id/unique_id.c.o
 *(.init_array)
 .init_array    0x10005c90        0x4 /Users/kinshukruparelia/.pico-sdk/toolchain/14_2_Rel1/bin/../lib/gcc/arm-none-eabi/14.2.1/thumb/v6-m/nofp/crtbegin.o
                0x10005c94                        PROVIDE (__init_array_end = .)
                0x10005c94                        . = ALIGN (0x4)
                [!provide]                        PROVIDE (__fini_array_start = .)
 *(SORT_BY_NAME(.fini_array.*))
 *(.fini_array)
                [!provide]                        PROVIDE (__fini_array_end = .)
 *(.eh_frame*)
 .eh_frame      0x10005c94        0x0 /Users/kinshukruparelia/.pico-sdk/toolchain/14_2_Rel1/bin/../lib/gcc/arm-none-eabi/14.2.1/thumb/v6-m/nofp/crtbegin.o
                0x10005c94                        . = ALIGN (0x4)

.glue_7         0x10005c94        0x0
 .glue_7        0x10005c94        0x0 linker stubs

.glue_7t        0x10005c94        0x0
 .glue_7t       0x10005c94        0x0 linker stubs

.vfp11_veneer   0x10005c94        0x0
 .vfp11_veneer  0x10005c94        0x0 linker stubs

.v4_bx          0x10005c94        0x0
 .v4_bx         0x10005c94        0x0 linker stubs

.iplt           0x10005c94        0x0
 .iplt          0x10005c94        0x0 /Users/kinshukruparelia/.pico-sdk/toolchain/14_2_Rel1/bin/../lib/gcc/arm-none-eabi/14.2.1/thumb/v6-m/nofp/crtbegin.o

.rodata         0x10005c98     0x15e8
 *(EXCLUDE_FILE(*libm.a: *libc.a:*lib_a-mem*.o *libgcc.a:) .rodata*)
 .rodata.main   0x10005c98       0x14 CMakeFiles/FinePad.dir/firmware/main.c.o
 .rodata.col_pins
                0x10005cac        0x5 CMakeFiles/FinePad.dir/firmware/config/config.c.o
                0x10005cac                col_pins
 *fill*         0x10005cb1        0x3 
 .rodata.row_pins
                0x10005cb4        0x4 CMakeFiles/FinePad.dir/firmware/config/config.c.o
                0x10005cb4                row_pins
 .rodata.keymap
                0x10005cb8       0xf0 CMakeFiles/FinePad.dir/firmware/keymap/keymap.c.o
 .rodata.macro_center_point_arc
                0x10005da8       0x9c CMakeFiles/FinePad.dir/firmware/keymap/keymap.c.o
                0x10005da8                macro_center_point_arc
 .rodata.macro_center_rectangle
                0x10005e44       0x9c CMakeFiles/FinePad.dir/firmware/keymap/keymap.c.o
                0x10005e44                macro_center_rectangle
 .rodata.macro_control_point_spline
                0x10005ee0       0xbc CMakeFiles/FinePad.dir/firmware/keymap/keymap.c.o
                0x10005ee0                macro_control_point_spline
 .rodata.macro_intersect
                0x10005f9c       0x64 CMakeFiles/FinePad.dir/firmware/keymap/keymap.c.o
                0x10005f9c                macro_intersect
 .rodata.str1.4
                0x10006000      0xb89 CMakeFiles/FinePad.dir/firmware/hid/usb_descriptors.c.o
                                 0x1b (size before relaxing)
 *fill*         0x10006b89        0x3 
 .rodata.__compound_literal.0
                0x10006b8c        0x2 CMakeFiles/FinePad.dir/firmware/hid/usb_descriptors.c.o
 *fill*         0x10006b8e        0x2 
 .rodata.desc_configuration
                0x10006b90       0x22 CMakeFiles/FinePad.dir/firmware/hid/usb_descriptors.c.o
                0x10006b90                desc_configuration
 *fill*         0x10006bb2        0x2 
 .rodata.desc_hid_report
                0x10006bb4       0x92 CMakeFiles/FinePad.dir/firmware/hid/usb_descriptors.c.o
                0x10006bb4                desc_hid_report
 *fill*         0x10006c46        0x2 
 .rodata.desc_device
                0x10006c48       0x12 CMakeFiles/FinePad.dir/firmware/hid/usb_descriptors.c.o
                0x10006c48                desc_device
 .rodata.rp2040_chip_version.str1.4
                0x10006c5a       0x85 CMakeFiles/FinePad.dir/Users/kinshukruparelia/.pico-sdk/sdk/2.2.0/src/rp2040/pico_platform/platform.c.o
 *fill*         0x10006c5a        0x2 
 .rodata.__func__.0
                0x10006c5c       0x14 CMakeFiles/FinePad.dir/Users/kinshukruparelia/.pico-sdk/sdk/2.2.0/src/rp2040/pico_platform/platform.c.o
 .rodata.panic.str1.4
                0x10006c70       0x12 CMakeFiles/FinePad.dir/Users/kinshukruparelia/.pico-sdk/sdk/2.2.0/src/rp2_common/pico_platform_panic/panic.c.o
 .rodata.spin_lock_claim_unused.str1.4
                0x10006c70       0x1b CMakeFiles/FinePad.dir/Users/kinshukruparelia/.pico-sdk/sdk/2.2.0/src/rp2_common/hardware_sync/sync.c.o
 .rodata.resolve_j_16.str1.4
                0x10006c70       0x66 CMakeFiles/FinePad.dir/Users/kinshukruparelia/.pico-sdk/sdk/2.2.0/src/rp2_common/hardware_irq/irq.c.o
 .rodata.make_j_16.str1.4
                0x10006c70       0x30 CMakeFiles/FinePad.dir/Users/kinshukruparelia/.pico-sdk/sdk/2.2.0/src/rp2_common/hardware_irq/irq.c.o
 .rodata.irq_set_exclusive_handler.str1.4
                0x10006c70       0x36 CMakeFiles/FinePad.dir/Users/kinshukruparelia/.pico-sdk/sdk/2.2.0/src/rp2_common/hardware_irq/irq.c.o
 .rodata.irq_add_shared_handler.str1.4
                0x10006c70       0xd2 CMakeFiles/FinePad.dir/Users/kinshukruparelia/.pico-sdk/sdk/2.2.0/src/rp2_common/hardware_irq/irq.c.o
 .rodata.irq_add_tail_to_free_list.str1.4
                0x10006c70       0x3a CMakeFiles/FinePad.dir/Users/kinshukruparelia/.pico-sdk/sdk/2.2.0/src/rp2_common/hardware_irq/irq.c.o
 .rodata.__func__.0
                0x10006c70       0x1a CMakeFiles/FinePad.dir/Users/kinshukruparelia/.pico-sdk/sdk/2.2.0/src/rp2_common/hardware_irq/irq.c.o
 *fill*         0x10006c8a        0x2 
 .rodata.__func__.3
                0x10006c8c        0xa CMakeFiles/FinePad.dir/Users/kinshukruparelia/.pico-sdk/sdk/2.2.0/src/rp2_common/hardware_irq/irq.c.o
 *fill*         0x10006c96        0x2 
 .rodata.__func__.4
                0x10006c98        0xd CMakeFiles/FinePad.dir/Users/kinshukruparelia/.pico-sdk/sdk/2.2.0/src/rp2_common/hardware_irq/irq.c.o
 *fill*         0x10006ca5        0x3 
 .rodata.__func__.5
                0x10006ca8       0x17 CMakeFiles/FinePad.dir/Users/kinshukruparelia/.pico-sdk/sdk/2.2.0/src/rp2_common/hardware_irq/irq.c.o
 *fill*         0x10006cbf        0x1 
 .rodata.__func__.6
                0x10006cc0       0x1a CMakeFiles/FinePad.dir/Users/kinshukruparelia/.pico-sdk/sdk/2.2.0/src/rp2_common/hardware_irq/irq.c.o
 .rodata.runtime_init_mutex.str1.4
                0x10006cda       0x69 CMakeFiles/FinePad.dir/Users/kinshukruparelia/.pico-sdk/sdk/2.2.0/src/common/pico_sync/mutex.c.o
 .rodata.str1.4
                0x10006cda       0x51 CMakeFiles/FinePad.dir/Users/kinshukruparelia/.pico-sdk/sdk/2.2.0/src/common/pico_sync/mutex.c.o
 *fill*         0x10006cda        0x2 
 .rodata.__func__.1
                0x10006cdc        0xb CMakeFiles/FinePad.dir/Users/kinshukruparelia/.pico-sdk/sdk/2.2.0/src/common/pico_sync/mutex.c.o
 *fill*         0x10006ce7        0x1 
 .rodata.__func__.3
                0x10006ce8       0x18 CMakeFiles/FinePad.dir/Users/kinshukruparelia/.pico-sdk/sdk/2.2.0/src/common/pico_sync/mutex.c.o
 .rodata.__func__.6
                0x10006d00       0x13 CMakeFiles/FinePad.dir/Users/kinshukruparelia/.pico-sdk/sdk/2.2.0/src/common/pico_sync/mutex.c.o
 .rodata.alarm_pool_irq_handler.str1.4
                0x10006d13       0x74 CMakeFiles/FinePad.dir/Users/kinshukruparelia/.pico-sdk/sdk/2.2.0/src/common/pico_time/time.c.o
 .rodata.alarm_pool_get_default.str1.4
                0x10006d13       0x21 CMakeFiles/FinePad.dir/Users/kinshukruparelia/.pico-sdk/sdk/2.2.0/src/common/pico_time/time.c.o
 .rodata.sleep_until.str1.4
                0x10006d13       0x4d CMakeFiles/FinePad.dir/Users/kinshukruparelia/.pico-sdk/sdk/2.2.0/src/common/pico_time/time.c.o
 *fill*         0x10006d13        0x1 
 .rodata.__func__.1
                0x10006d14       0x17 CMakeFiles/FinePad.dir/Users/kinshukruparelia/.pico-sdk/sdk/2.2.0/src/common/pico_time/time.c.o
 *fill*         0x10006d2b        0x1 
 .rodata.__func__.2
                0x10006d2c       0x17 CMakeFiles/FinePad.dir/Users/kinshukruparelia/.pico-sdk/sdk/2.2.0/src/common/pico_time/time.c.o
 .rodata.timer_hardware_alarm_claim.str1.4
                0x10006d43       0x22 CMakeFiles/FinePad.dir/Users/kinshukruparelia/.pico-sdk/sdk/2.2.0/src/rp2_common/hardware_timer/timer.c.o
 .rodata.pll_init.str1.4
                0x10006d43      0x124 CMakeFiles/FinePad.dir/Users/kinshukruparelia/.pico-sdk/sdk/2.2.0/src/rp2_common/hardware_pll/pll.c.o
 *fill*         0x10006d43        0x1 
 .rodata.__func__.0
                0x10006d44        0x9 CMakeFiles/FinePad.dir/Users/kinshukruparelia/.pico-sdk/sdk/2.2.0/src/rp2_common/hardware_pll/pll.c.o
 .rodata.__aeabi_double_init.str1.4
                0x10006d4d       0xa4 CMakeFiles/FinePad.dir/Users/kinshukruparelia/.pico-sdk/sdk/2.2.0/src/rp2_common/pico_double/double_init_rom_rp2040.c.o
 *fill*         0x10006d4d        0x3 
 .rodata.__func__.0
                0x10006d50       0x14 CMakeFiles/FinePad.dir/Users/kinshukruparelia/.pico-sdk/sdk/2.2.0/src/rp2_common/pico_double/double_init_rom_rp2040.c.o
 .rodata.__aeabi_float_init.str1.4
                0x10006d64       0x96 CMakeFiles/FinePad.dir/Users/kinshukruparelia/.pico-sdk/sdk/2.2.0/src/rp2_common/pico_float/float_init_rom_rp2040.c.o
 .rodata.__func__.0
                0x10006d64       0x13 CMakeFiles/FinePad.dir/Users/kinshukruparelia/.pico-sdk/sdk/2.2.0/src/rp2_common/pico_float/float_init_rom_rp2040.c.o
 .rodata.str1.4
                0x10006d77       0x40 CMakeFiles/FinePad.dir/Users/kinshukruparelia/.pico-sdk/sdk/2.2.0/src/rp2_common/pico_standard_binary_info/standard_binary_info.c.o
 *fill*         0x10006d77        0x1 
 .rodata.__bi_84
                0x10006d78        0xc CMakeFiles/FinePad.dir/Users/kinshukruparelia/.pico-sdk/sdk/2.2.0/src/rp2_common/pico_standard_binary_info/standard_binary_info.c.o
 .rodata.__bi_78
                0x10006d84        0xc CMakeFiles/FinePad.dir/Users/kinshukruparelia/.pico-sdk/sdk/2.2.0/src/rp2_common/pico_standard_binary_info/standard_binary_info.c.o
 .rodata.__bi_60
                0x10006d90        0xc CMakeFiles/FinePad.dir/Users/kinshukruparelia/.pico-sdk/sdk/2.2.0/src/rp2_common/pico_standard_binary_info/standard_binary_info.c.o
 .rodata.__bi_54
                0x10006d9c        0xc CMakeFiles/FinePad.dir/Users/kinshukruparelia/.pico-sdk/sdk/2.2.0/src/rp2_common/pico_standard_binary_info/standard_binary_info.c.o
 .rodata.__bi_48
                0x10006da8        0xc CMakeFiles/FinePad.dir/Users/kinshukruparelia/.pico-sdk/sdk/2.2.0/src/rp2_common/pico_standard_binary_info/standard_binary_info.c.o
 .rodata.__bi_42
                0x10006db4        0xc CMakeFiles/FinePad.dir/Users/kinshukruparelia/.pico-sdk/sdk/2.2.0/src/rp2_common/pico_standard_binary_info/standard_binary_info.c.o
 .rodata.__bi_34
                0x10006dc0        0xc CMakeFiles/FinePad.dir/Users/kinshukruparelia/.pico-sdk/sdk/2.2.0/src/rp2_common/pico_standard_binary_info/standard_binary_info.c.o
 .rodata.__bi_26
                0x10006dcc        0xc CMakeFiles/FinePad.dir/Users/kinshukruparelia/.pico-sdk/sdk/2.2.0/src/rp2_common/pico_standard_binary_info/standard_binary_info.c.o
 .rodata._ftoa.str1.4
                0x10006dd8       0x15 CMakeFiles/FinePad.dir/Users/kinshukruparelia/.pico-sdk/sdk/2.2.0/src/rp2_common/pico_printf/printf.c.o
 .rodata._vsnprintf
                0x10006dd8      0x19c CMakeFiles/FinePad.dir/Users/kinshukruparelia/.pico-sdk/sdk/2.2.0/src/rp2_common/pico_printf/printf.c.o
 *fill*         0x10006f74        0x4 
 .rodata.pow10.0
                0x10006f78       0x50 CMakeFiles/FinePad.dir/Users/kinshukruparelia/.pico-sdk/sdk/2.2.0/src/rp2_common/pico_printf/printf.c.o
 .rodata.__assert_func.str1.4
                0x10006fc8       0x43 CMakeFiles/FinePad.dir/Users/kinshukruparelia/.pico-sdk/sdk/2.2.0/src/rp2_common/pico_clib_interface/newlib_interface.c.o
 .rodata.crlf_str.0
                0x10006fc8        0x2 CMakeFiles/FinePad.dir/Users/kinshukruparelia/.pico-sdk/sdk/2.2.0/src/rp2_common/pico_stdio/stdio.c.o
 .rodata.hw_endpoint_alloc.str1.4
                0x10006fca       0xa9 CMakeFiles/FinePad.dir/Users/kinshukruparelia/.pico-sdk/sdk/2.2.0/lib/tinyusb/src/portable/raspberrypi/rp2040/dcd_rp2040.c.o
 .rodata.str1.4
                0x10006fca       0x14 CMakeFiles/FinePad.dir/Users/kinshukruparelia/.pico-sdk/sdk/2.2.0/lib/tinyusb/src/portable/raspberrypi/rp2040/dcd_rp2040.c.o
 .rodata.dcd_int_enable.str1.4
                0x10006fca        0xc CMakeFiles/FinePad.dir/Users/kinshukruparelia/.pico-sdk/sdk/2.2.0/lib/tinyusb/src/portable/raspberrypi/rp2040/dcd_rp2040.c.o
 *fill*         0x10006fca        0x2 
 .rodata.__func__.0
                0x10006fcc        0xe CMakeFiles/FinePad.dir/Users/kinshukruparelia/.pico-sdk/sdk/2.2.0/lib/tinyusb/src/portable/raspberrypi/rp2040/dcd_rp2040.c.o
 *fill*         0x10006fda        0x2 
 .rodata.__func__.3
                0x10006fdc       0x10 CMakeFiles/FinePad.dir/Users/kinshukruparelia/.pico-sdk/sdk/2.2.0/lib/tinyusb/src/portable/raspberrypi/rp2040/dcd_rp2040.c.o
 .rodata.__func__.5
                0x10006fec        0xf CMakeFiles/FinePad.dir/Users/kinshukruparelia/.pico-sdk/sdk/2.2.0/lib/tinyusb/src/portable/raspberrypi/rp2040/dcd_rp2040.c.o
 *fill*         0x10006ffb        0x1 
 .rodata.__func__.6
                0x10006ffc       0x12 CMakeFiles/FinePad.dir/Users/kinshukruparelia/.pico-sdk/sdk/2.2.0/lib/tinyusb/src/portable/raspberrypi/rp2040/dcd_rp2040.c.o
 *fill*         0x1000700e        0x2 
 .rodata.__func__.7
                0x10007010        0x9 CMakeFiles/FinePad.dir/Users/kinshukruparelia/.pico-sdk/sdk/2.2.0/lib/tinyusb/src/portable/raspberrypi/rp2040/dcd_rp2040.c.o
 .rodata.str1.4
                0x10007019       0xf0 CMakeFiles/FinePad.dir/Users/kinshukruparelia/.pico-sdk/sdk/2.2.0/lib/tinyusb/src/portable/raspberrypi/rp2040/rp2040_usb.c.o
 .rodata.hw_endpoint_xfer_start.str1.4
                0x10007019       0x38 CMakeFiles/FinePad.dir/Users/kinshukruparelia/.pico-sdk/sdk/2.2.0/lib/tinyusb/src/portable/raspberrypi/rp2040/rp2040_usb.c.o
 *fill*         0x10007019        0x3 
 .rodata.__func__.0
                0x1000701c        0xf CMakeFiles/FinePad.dir/Users/kinshukruparelia/.pico-sdk/sdk/2.2.0/lib/tinyusb/src/portable/raspberrypi/rp2040/rp2040_usb.c.o
 .rodata.configuration_reset.str1.4
                0x1000702b       0x17 CMakeFiles/FinePad.dir/Users/kinshukruparelia/.pico-sdk/sdk/2.2.0/lib/tinyusb/src/device/usbd.c.o
 *fill*         0x1000702b        0x1 
 .rodata.process_get_descriptor
                0x1000702c       0x40 CMakeFiles/FinePad.dir/Users/kinshukruparelia/.pico-sdk/sdk/2.2.0/lib/tinyusb/src/device/usbd.c.o
 .rodata        0x1000706c       0x1c CMakeFiles/FinePad.dir/Users/kinshukruparelia/.pico-sdk/sdk/2.2.0/lib/tinyusb/src/device/usbd.c.o
 .rodata.process_control_request
                0x10007088       0x28 CMakeFiles/FinePad.dir/Users/kinshukruparelia/.pico-sdk/sdk/2.2.0/lib/tinyusb/src/device/usbd.c.o
 .rodata.tud_task_ext
                0x100070b0       0x24 CMakeFiles/FinePad.dir/Users/kinshukruparelia/.pico-sdk/sdk/2.2.0/lib/tinyusb/src/device/usbd.c.o
 .rodata.__func__.3
                0x100070d4        0xf CMakeFiles/FinePad.dir/Users/kinshukruparelia/.pico-sdk/sdk/2.2.0/lib/tinyusb/src/device/usbd.c.o
 *fill*         0x100070e3        0x1 
 .rodata.__func__.4
                0x100070e4        0xf CMakeFiles/FinePad.dir/Users/kinshukruparelia/.pico-sdk/sdk/2.2.0/lib/tinyusb/src/device/usbd.c.o
 *fill*         0x100070f3        0x1 
 .rodata.__func__.5
                0x100070f4       0x14 CMakeFiles/FinePad.dir/Users/kinshukruparelia/.pico-sdk/sdk/2.2.0/lib/tinyusb/src/device/usbd.c.o
 .rodata.__func__.6
                0x10007108        0xc CMakeFiles/FinePad.dir/Users/kinshukruparelia/.pico-sdk/sdk/2.2.0/lib/tinyusb/src/device/usbd.c.o
 .rodata.__func__.7
                0x10007114       0x17 CMakeFiles/FinePad.dir/Users/kinshukruparelia/.pico-sdk/sdk/2.2.0/lib/tinyusb/src/device/usbd.c.o
 *fill*         0x1000712b        0x1 
 .rodata.__func__.8
                0x1000712c       0x13 CMakeFiles/FinePad.dir/Users/kinshukruparelia/.pico-sdk/sdk/2.2.0/lib/tinyusb/src/device/usbd.c.o
 *fill*         0x1000713f        0x1 
 .rodata.__func__.9
                0x10007140       0x18 CMakeFiles/FinePad.dir/Users/kinshukruparelia/.pico-sdk/sdk/2.2.0/lib/tinyusb/src/device/usbd.c.o
 .rodata.__func__.10
                0x10007158       0x14 CMakeFiles/FinePad.dir/Users/kinshukruparelia/.pico-sdk/sdk/2.2.0/lib/tinyusb/src/device/usbd.c.o
 .rodata.__func__.11
                0x1000716c        0xd CMakeFiles/FinePad.dir/Users/kinshukruparelia/.pico-sdk/sdk/2.2.0/lib/tinyusb/src/device/usbd.c.o
 *fill*         0x10007179        0x3 
 .rodata.__func__.12
                0x1000717c       0x10 CMakeFiles/FinePad.dir/Users/kinshukruparelia/.pico-sdk/sdk/2.2.0/lib/tinyusb/src/device/usbd.c.o
 .rodata._usbd_driver
                0x1000718c       0x20 CMakeFiles/FinePad.dir/Users/kinshukruparelia/.pico-sdk/sdk/2.2.0/lib/tinyusb/src/device/usbd.c.o
 .rodata.tud_control_xfer.str1.4
                0x100071ac       0x17 CMakeFiles/FinePad.dir/Users/kinshukruparelia/.pico-sdk/sdk/2.2.0/lib/tinyusb/src/device/usbd_control.c.o
 .rodata.__func__.0
                0x100071ac       0x15 CMakeFiles/FinePad.dir/Users/kinshukruparelia/.pico-sdk/sdk/2.2.0/lib/tinyusb/src/device/usbd_control.c.o
 *fill*         0x100071c1        0x3 
 .rodata.__func__.1
                0x100071c4       0x11 CMakeFiles/FinePad.dir/Users/kinshukruparelia/.pico-sdk/sdk/2.2.0/lib/tinyusb/src/device/usbd_control.c.o
 .rodata.hidd_open.str1.4
                0x100071d5       0x17 CMakeFiles/FinePad.dir/Users/kinshukruparelia/.pico-sdk/sdk/2.2.0/lib/tinyusb/src/class/hid/hid_device.c.o
 *fill*         0x100071d5        0x3 
 .rodata.hidd_control_xfer_cb
                0x100071d8       0x30 CMakeFiles/FinePad.dir/Users/kinshukruparelia/.pico-sdk/sdk/2.2.0/lib/tinyusb/src/class/hid/hid_device.c.o
 .rodata.__func__.0
                0x10007208        0xd CMakeFiles/FinePad.dir/Users/kinshukruparelia/.pico-sdk/sdk/2.2.0/lib/tinyusb/src/class/hid/hid_device.c.o
 *fill*         0x10007215        0x3 
 .rodata.__func__.1
                0x10007218       0x15 CMakeFiles/FinePad.dir/Users/kinshukruparelia/.pico-sdk/sdk/2.2.0/lib/tinyusb/src/class/hid/hid_device.c.o
 *fill*         0x1000722d        0x3 
 .rodata.__func__.2
                0x10007230        0xa CMakeFiles/FinePad.dir/Users/kinshukruparelia/.pico-sdk/sdk/2.2.0/lib/tinyusb/src/class/hid/hid_device.c.o
 .rodata.tusb_rhport_init.str1.4
                0x1000723a       0x17 CMakeFiles/FinePad.dir/Users/kinshukruparelia/.pico-sdk/sdk/2.2.0/lib/tinyusb/src/tusb.c.o
 *fill*         0x1000723a        0x2 
 .rodata.__func__.4
                0x1000723c       0x11 CMakeFiles/FinePad.dir/Users/kinshukruparelia/.pico-sdk/sdk/2.2.0/lib/tinyusb/src/tusb.c.o
 *fill*         0x1000724d        0x3 
 .rodata.__func__.5
                0x10007250       0x11 CMakeFiles/FinePad.dir/Users/kinshukruparelia/.pico-sdk/sdk/2.2.0/lib/tinyusb/src/tusb.c.o
 .rodata.str1.4
                0x10007261        0x4 CMakeFiles/FinePad.dir/Users/kinshukruparelia/.pico-sdk/sdk/2.2.0/lib/tinyusb/hw/bsp/rp2040/family.c.o
 *fill*         0x10007261        0x3 
 .rodata.__bi_153.0
                0x10007264        0xc CMakeFiles/FinePad.dir/Users/kinshukruparelia/.pico-sdk/sdk/2.2.0/lib/tinyusb/hw/bsp/rp2040/family.c.o
 .rodata.str1.4
                0x10007270      0x20d CMakeFiles/FinePad.dir/Users/kinshukruparelia/.pico-sdk/sdk/2.2.0/src/rp2_common/hardware_flash/flash.c.o
 .rodata.__func__.0
                0x10007270        0xd CMakeFiles/FinePad.dir/Users/kinshukruparelia/.pico-sdk/sdk/2.2.0/src/rp2_common/hardware_flash/flash.c.o
                0x10007480                        . = ALIGN (0x4)
 *fill*         0x1000727d        0x3 
 *(SORT_BY_ALIGNMENT(SORT_BY_NAME(.flashdata*)))
                0x10007280                        . = ALIGN (0x4)

.ARM.extab
 *(.ARM.extab* .gnu.linkonce.armextab.*)
                0x10007280                        __exidx_start = .

.ARM.exidx
 *(.ARM.exidx* .gnu.linkonce.armexidx.*)
                0x10007280                        __exidx_end = .
                0x10007280                        . = ALIGN (0x4)
                0x10007280                        __binary_info_start = .

.binary_info    0x10007280       0x24
 *(.binary_info.keep.*)
 .binary_info.keep.__bi_ptr84
                0x10007280        0x4 CMakeFiles/FinePad.dir/Users/kinshukruparelia/.pico-sdk/sdk/2.2.0/src/rp2_common/pico_standard_binary_info/standard_binary_info.c.o
 .binary_info.keep.__bi_ptr78
                0x10007284        0x4 CMakeFiles/FinePad.dir/Users/kinshukruparelia/.pico-sdk/sdk/2.2.0/src/rp2_common/pico_standard_binary_info/standard_binary_info.c.o
 .binary_info.keep.__bi_ptr60
                0x10007288        0x4 CMakeFiles/FinePad.dir/Users/kinshukruparelia/.pico-sdk/sdk/2.2.0/src/rp2_common/pico_standard_binary_info/standard_binary_info.c.o
 .binary_info.keep.__bi_ptr54
                0x1000728c        0x4 CMakeFiles/FinePad.dir/Users/kinshukruparelia/.pico-sdk/sdk/2.2.0/src/rp2_common/pico_standard_binary_info/standard_binary_info.c.o
 .binary_info.keep.__bi_ptr48
                0x10007290        0x4 CMakeFiles/FinePad.dir/Users/kinshukruparelia/.pico-sdk/sdk/2.2.0/src/rp2_common/pico_standard_binary_info/standard_binary_info.c.o
 .binary_info.keep.__bi_ptr42
                0x10007294        0x4 CMakeFiles/FinePad.dir/Users/kinshukruparelia/.pico-sdk/sdk/2.2.0/src/rp2_common/pico_standard_binary_info/standard_binary_info.c.o
 .binary_info.keep.__bi_ptr34
                0x10007298        0x4 CMakeFiles/FinePad.dir/Users/kinshukruparelia/.pico-sdk/sdk/2.2.0/src/rp2_common/pico_standard_binary_info/standard_binary_info.c.o
 .binary_info.keep.__bi_ptr26
                0x1000729c        0x4 CMakeFiles/FinePad.dir/Users/kinshukruparelia/.pico-sdk/sdk/2.2.0/src/rp2_common/pico_standard_binary_info/standard_binary_info.c.o
 .binary_info.keep.__bi_ptr153
                0x100072a0        0x4 CMakeFiles/FinePad.dir/Users/kinshukruparelia/.pico-sdk/sdk/2.2.0/lib/tinyusb/hw/bsp/rp2040/family.c.o
 *(.binary_info.*)
                0x100072a4                        __binary_info_end = .
                0x100072a4                        . = ALIGN (0x4)

.ram_vector_table
                0x20000000       0xc0
 *(.ram_vector_table)
 .ram_vector_table
                0x20000000       0xc0 CMakeFiles/FinePad.dir/Users/kinshukruparelia/.pico-sdk/sdk/2.2.0/src/rp2_common/pico_runtime_init/runtime_init.c.o
                0x20000000                ram_vector_table

.uninitialized_data
                0x200000c0        0x0
                0x200000c0                        . = ALIGN (0x4)
 *(.uninitialized_data*)

.data           0x200000c0      0xbe8 load address 0x100072a4
                0x200000c0                        __data_start__ = .
 *(vtable)
 *(.time_critical*)
 .time_critical.mutex_try_enter
                0x200000c0       0x48 CMakeFiles/FinePad.dir/Users/kinshukruparelia/.pico-sdk/sdk/2.2.0/src/common/pico_sync/mutex.c.o
                0x200000c0                mutex_try_enter
 .time_critical.mutex_enter_block_until
                0x20000108       0x90 CMakeFiles/FinePad.dir/Users/kinshukruparelia/.pico-sdk/sdk/2.2.0/src/common/pico_sync/mutex.c.o
                0x20000108                mutex_enter_block_until
 .time_critical.mutex_try_enter_block_until
                0x20000198       0x34 CMakeFiles/FinePad.dir/Users/kinshukruparelia/.pico-sdk/sdk/2.2.0/src/common/pico_sync/mutex.c.o
                0x20000198                mutex_try_enter_block_until
 .time_critical.mutex_enter_timeout_ms
                0x200001cc       0x3c CMakeFiles/FinePad.dir/Users/kinshukruparelia/.pico-sdk/sdk/2.2.0/src/common/pico_sync/mutex.c.o
                0x200001cc                mutex_enter_timeout_ms
 .time_critical.mutex_exit
                0x20000208       0x4c CMakeFiles/FinePad.dir/Users/kinshukruparelia/.pico-sdk/sdk/2.2.0/src/common/pico_sync/mutex.c.o
                0x20000208                mutex_exit
 .time_critical.reset_non_control_endpoints
                0x20000254       0x40 CMakeFiles/FinePad.dir/Users/kinshukruparelia/.pico-sdk/sdk/2.2.0/lib/tinyusb/src/portable/raspberrypi/rp2040/dcd_rp2040.c.o
 .time_critical.hw_handle_buff_status
                0x20000294       0x9c CMakeFiles/FinePad.dir/Users/kinshukruparelia/.pico-sdk/sdk/2.2.0/lib/tinyusb/src/portable/raspberrypi/rp2040/dcd_rp2040.c.o
 .time_critical.dcd_rp2040_irq
                0x20000330      0x204 CMakeFiles/FinePad.dir/Users/kinshukruparelia/.pico-sdk/sdk/2.2.0/lib/tinyusb/src/portable/raspberrypi/rp2040/dcd_rp2040.c.o
 .time_critical.prepare_ep_buffer
                0x20000534       0x6c CMakeFiles/FinePad.dir/Users/kinshukruparelia/.pico-sdk/sdk/2.2.0/lib/tinyusb/src/portable/raspberrypi/rp2040/rp2040_usb.c.o
 .time_critical.e15_is_bulkin_ep
                0x200005a0       0x2c CMakeFiles/FinePad.dir/Users/kinshukruparelia/.pico-sdk/sdk/2.2.0/lib/tinyusb/src/portable/raspberrypi/rp2040/rp2040_usb.c.o
 .time_critical.e15_is_critical_frame_period
                0x200005cc       0x30 CMakeFiles/FinePad.dir/Users/kinshukruparelia/.pico-sdk/sdk/2.2.0/lib/tinyusb/src/portable/raspberrypi/rp2040/rp2040_usb.c.o
 .time_critical.sync_ep_buffer
                0x200005fc       0x78 CMakeFiles/FinePad.dir/Users/kinshukruparelia/.pico-sdk/sdk/2.2.0/lib/tinyusb/src/portable/raspberrypi/rp2040/rp2040_usb.c.o
 .time_critical._hw_endpoint_xfer_sync
                0x20000674       0x28 CMakeFiles/FinePad.dir/Users/kinshukruparelia/.pico-sdk/sdk/2.2.0/lib/tinyusb/src/portable/raspberrypi/rp2040/rp2040_usb.c.o
 .time_critical.hw_endpoint_reset_transfer
                0x2000069c        0xc CMakeFiles/FinePad.dir/Users/kinshukruparelia/.pico-sdk/sdk/2.2.0/lib/tinyusb/src/portable/raspberrypi/rp2040/rp2040_usb.c.o
                0x2000069c                hw_endpoint_reset_transfer
 .time_critical._hw_endpoint_buffer_control_update32
                0x200006a8       0x4c CMakeFiles/FinePad.dir/Users/kinshukruparelia/.pico-sdk/sdk/2.2.0/lib/tinyusb/src/portable/raspberrypi/rp2040/rp2040_usb.c.o
                0x200006a8                _hw_endpoint_buffer_control_update32
 .time_critical.hw_endpoint_start_next_buffer
                0x200006f4       0x7c CMakeFiles/FinePad.dir/Users/kinshukruparelia/.pico-sdk/sdk/2.2.0/lib/tinyusb/src/portable/raspberrypi/rp2040/rp2040_usb.c.o
                0x200006f4                hw_endpoint_start_next_buffer
 .time_critical.hw_endpoint_xfer_continue
                0x20000770       0x40 CMakeFiles/FinePad.dir/Users/kinshukruparelia/.pico-sdk/sdk/2.2.0/lib/tinyusb/src/portable/raspberrypi/rp2040/rp2040_usb.c.o
                0x20000770                hw_endpoint_xfer_continue
 .time_critical.tinyusb
                0x200007b0      0x1f8 CMakeFiles/FinePad.dir/Users/kinshukruparelia/.pico-sdk/sdk/2.2.0/lib/tinyusb/src/device/usbd.c.o
                0x200007b0                dcd_event_handler
 .time_critical.flash_init_boot2_copyout
                0x200009a8       0x30 CMakeFiles/FinePad.dir/Users/kinshukruparelia/.pico-sdk/sdk/2.2.0/src/rp2_common/hardware_flash/flash.c.o
 .time_critical.flash_enable_xip_via_boot2
                0x200009d8        0xc CMakeFiles/FinePad.dir/Users/kinshukruparelia/.pico-sdk/sdk/2.2.0/src/rp2_common/hardware_flash/flash.c.o
 .time_critical.flash_save_hardware_state
                0x200009e4       0x1c CMakeFiles/FinePad.dir/Users/kinshukruparelia/.pico-sdk/sdk/2.2.0/src/rp2_common/hardware_flash/flash.c.o
 .time_critical.flash_restore_hardware_state
                0x20000a00       0x20 CMakeFiles/FinePad.dir/Users/kinshukruparelia/.pico-sdk/sdk/2.2.0/src/rp2_common/hardware_flash/flash.c.o
 .time_critical.flash_cs_force
                0x20000a20       0x28 CMakeFiles/FinePad.dir/Users/kinshukruparelia/.pico-sdk/sdk/2.2.0/src/rp2_common/hardware_flash/flash.c.o
 .time_critical.flash_do_cmd
                0x20000a48       0xec CMakeFiles/FinePad.dir/Users/kinshukruparelia/.pico-sdk/sdk/2.2.0/src/rp2_common/hardware_flash/flash.c.o
                0x20000a48                flash_do_cmd
 *(.text*)
 .text          0x20000b34        0x4 /Users/kinshukruparelia/.pico-sdk/toolchain/14_2_Rel1/bin/../lib/gcc/arm-none-eabi/14.2.1/thumb/v6-m/nofp/libgcc.a(_dvmd_tls.o)
                0x20000b34                __aeabi_ldiv0
                0x20000b34                __aeabi_idiv0
 .text.__stub   0x20000b38       0xb0 linker stubs
                0x20000be8                        . = ALIGN (0x4)
 *(.rodata*)
                0x20000be8                        . = ALIGN (0x4)
 *(.data*)
 .data.string_desc_arr
                0x20000be8       0x10 CMakeFiles/FinePad.dir/firmware/hid/usb_descriptors.c.o
                0x20000be8                string_desc_arr
 .data.striped_spin_lock_num
                0x20000bf8        0x1 CMakeFiles/FinePad.dir/Users/kinshukruparelia/.pico-sdk/sdk/2.2.0/src/rp2_common/hardware_sync/sync.c.o
 *fill*         0x20000bf9        0x3 
 .data          0x20000bfc       0x48 CMakeFiles/FinePad.dir/Users/kinshukruparelia/.pico-sdk/sdk/2.2.0/src/rp2_common/hardware_irq/irq_handler_chain.S.o
                0x20000bfc                irq_handler_chain_slots
                0x20000c2c                irq_handler_chain_first_slot
                0x20000c36                irq_handler_chain_remove_tail
 .data.default_alarm_pool
                0x20000c44       0x18 CMakeFiles/FinePad.dir/Users/kinshukruparelia/.pico-sdk/sdk/2.2.0/src/common/pico_time/time.c.o
 *fill*         0x20000c5c        0x4 
 .data.aeabi_bits_funcs
                0x20000c60       0x10 CMakeFiles/FinePad.dir/Users/kinshukruparelia/.pico-sdk/sdk/2.2.0/src/rp2_common/pico_bit_ops/bit_ops_aeabi.S.o
                0x20000c60                aeabi_bits_funcs
                0x20000c70                aeabi_bits_funcs_end
 .data.aeabi_mem_funcs
                0x20000c70       0x10 CMakeFiles/FinePad.dir/Users/kinshukruparelia/.pico-sdk/sdk/2.2.0/src/rp2_common/pico_mem_ops/mem_ops_aeabi.S.o
                0x20000c70                aeabi_mem_funcs
                0x20000c80                aeabi_mem_funcs_end
 .data._usbd_qdef
                0x20000c80       0x1c CMakeFiles/FinePad.dir/Users/kinshukruparelia/.pico-sdk/sdk/2.2.0/lib/tinyusb/src/device/usbd.c.o
                0x20000c80                _usbd_qdef
 .data._usbd_rhport
                0x20000c9c        0x1 CMakeFiles/FinePad.dir/Users/kinshukruparelia/.pico-sdk/sdk/2.2.0/lib/tinyusb/src/device/usbd.c.o
                0x20000ca0                        . = ALIGN (0x4)
 *fill*         0x20000c9d        0x3 
 *(.after_data.*)
                0x20000ca0                        . = ALIGN (0x4)
                0x20000ca0                        PROVIDE (__mutex_array_start = .)
 *(SORT_BY_NAME(.mutex_array.*))
 *(.mutex_array)
 .mutex_array   0x20000ca0        0x8 CMakeFiles/FinePad.dir/Users/kinshukruparelia/.pico-sdk/sdk/2.2.0/src/rp2_common/pico_stdio/stdio.c.o
                0x20000ca8                        PROVIDE (__mutex_array_end = .)
                0x20000ca8                        . = ALIGN (0x4)
 *(.jcr)
                0x20000ca8                        . = ALIGN (0x4)

.tm_clone_table
                0x20000ca8        0x0 load address 0x10007e8c
 .tm_clone_table
                0x20000ca8        0x0 /Users/kinshukruparelia/.pico-sdk/toolchain/14_2_Rel1/bin/../lib/gcc/arm-none-eabi/14.2.1/thumb/v6-m/nofp/crtbegin.o
 .tm_clone_table
                0x20000ca8        0x0 /Users/kinshukruparelia/.pico-sdk/toolchain/14_2_Rel1/bin/../lib/gcc/arm-none-eabi/14.2.1/thumb/v6-m/nofp/crtend.o

.igot.plt       0x20000ca8        0x0 load address 0x10007e8c
 .igot.plt      0x20000ca8        0x0 /Users/kinshukruparelia/.pico-sdk/toolchain/14_2_Rel1/bin/../lib/gcc/arm-none-eabi/14.2.1/thumb/v6-m/nofp/crtbegin.o

.tdata          0x20000ca8        0x0 load address 0x10007e8c
                0x20000ca8                        . = ALIGN (0x4)
 *(.tdata .tdata.* .gnu.linkonce.td.*)
                0x20000ca8                        __tdata_end = .
                0x20000ca8                        PROVIDE (__data_end__ = .)
                0x100072a4                        __etext = LOADADDR (.data)

.tbss           0x20000ca8        0x0 load address 0x10007e8c
                0x20000ca8                        . = ALIGN (0x4)
                0x20000ca8                        __bss_start__ = .
                0x20000ca8                        __tls_base = .
 *(.tbss .tbss.* .gnu.linkonce.tb.*)
 *(.tcommon)
                0x20000ca8                        __tls_end = .
